../Drivers/CMSIS/Include/core_cm4.h:2064:26:ITM_SendChar	16	static,ignoring_inline_asm
../Core/Src/main.c:89:5:_write	32	static
../Core/Src/main.c:99:5:bufsize	24	static
../Core/Src/main.c:114:5:main	24	static
../Core/Src/main.c:234:6:SystemClock_Config	88	static
../Core/Src/main.c:289:13:MX_ADC1_Init	24	static
../Core/Src/main.c:341:13:MX_SDIO_SD_Init	4	static
../Core/Src/main.c:369:13:MX_USART2_UART_Init	8	static
../Core/Src/main.c:400:13:MX_DMA_Init	16	static
../Core/Src/main.c:418:13:MX_GPIO_Init	48	static
../Core/Src/main.c:455:6:Error_Handler	4	static,ignoring_inline_asm
