../Drivers/CMSIS/Include/core_cm4.h:2064:26:ITM_SendChar	16	static,ignoring_inline_asm
../Core/Src/main.c:146:5:_write	32	static
../Core/Src/main.c:156:5:bufsize	24	static
../Core/Src/main.c:164:6:bufclear	16	static
../Core/Src/main.c:175:6:HAL_ADC_ConvHalfCpltCallback	16	static
../Core/Src/main.c:185:6:HAL_ADC_ConvCpltCallback	16	static
../Core/Src/main.c:194:6:writeSD	16	static
../Core/Src/main.c:207:6:processData	40	static
../Core/Src/main.c:273:6:processDataNew	16	static
../Core/Src/main.c:362:5:main	24	static
../Core/Src/main.c:504:6:SystemClock_Config	88	static
../Core/Src/main.c:561:13:MX_ADC1_Init	24	static
../Core/Src/main.c:640:13:MX_RTC_Init	32	static
../Core/Src/main.c:703:13:MX_SDIO_SD_Init	4	static
../Core/Src/main.c:731:13:MX_USART2_UART_Init	8	static
../Core/Src/main.c:762:13:MX_DMA_Init	16	static
../Core/Src/main.c:780:13:MX_GPIO_Init	48	static
../Core/Src/main.c:823:6:Error_Handler	4	static,ignoring_inline_asm
