../Drivers/CMSIS/Include/core_cm4.h:2064:26:ITM_SendChar	16	static,ignoring_inline_asm
../Core/Src/main.c:81:5:_write	32	static
../Core/Src/main.c:104:6:send_uart	24	static
../Core/Src/main.c:109:5:bufsize	24	static
../Core/Src/main.c:117:6:bufclear	16	static
../Core/Src/main.c:129:5:main	8	static
../Core/Src/main.c:237:6:SystemClock_Config	88	static
../Core/Src/main.c:291:13:MX_ADC1_Init	24	static
../Core/Src/main.c:379:13:MX_SPI1_Init	8	static
../Core/Src/main.c:417:13:MX_USART1_UART_Init	8	static
../Core/Src/main.c:448:13:MX_DMA_Init	16	static
../Core/Src/main.c:466:13:MX_GPIO_Init	40	static
../Core/Src/main.c:499:6:HAL_ADC_ConvHalfCpltCallback	16	static
../Core/Src/main.c:504:6:HAL_ADC_ConvCpltCallback	16	static
../Core/Src/main.c:514:6:Error_Handler	4	static,ignoring_inline_asm
