../Core/Src/main.c:86:6:send_uart	24	static
../Core/Src/main.c:91:5:bufsize	24	static
../Core/Src/main.c:99:6:bufclear	16	static
../Core/Src/main.c:111:5:main	16	static
../Core/Src/main.c:201:6:SystemClock_Config	88	static
../Core/Src/main.c:255:13:MX_ADC1_Init	24	static
../Core/Src/main.c:307:13:MX_SPI1_Init	8	static
../Core/Src/main.c:345:13:MX_USART1_UART_Init	8	static
../Core/Src/main.c:376:13:MX_DMA_Init	16	static
../Core/Src/main.c:394:13:MX_GPIO_Init	40	static
../Core/Src/main.c:427:6:HAL_ADC_ConvHalfCpltCallback	16	static
../Core/Src/main.c:432:6:HAL_ADC_ConvCpltCallback	16	static
../Core/Src/main.c:442:6:Error_Handler	4	static,ignoring_inline_asm
