../Drivers/CMSIS/Include/core_cm4.h:2064:26:ITM_SendChar	16	static,ignoring_inline_asm
../Core/Src/main.c:80:5:_write	32	static
../Core/Src/main.c:90:5:bufsize	24	static
../Core/Src/main.c:98:6:bufclear	16	static
../Core/Src/main.c:110:5:main	16	static
../Core/Src/main.c:202:6:SystemClock_Config	88	static
../Core/Src/main.c:257:13:MX_SDIO_SD_Init	4	static
../Core/Src/main.c:285:13:MX_USART2_UART_Init	8	static
../Core/Src/main.c:318:13:MX_GPIO_Init	48	static
../Core/Src/main.c:355:6:Error_Handler	4	static,ignoring_inline_asm
