Archive member included to satisfy reference by file (symbol)

c:/st/stm32cubeide_1.11.2/stm32cubeide/plugins/com.st.stm32cube.ide.mcu.externaltools.gnu-tools-for-stm32.10.3-2021.10.win32_1.0.100.202210260954/tools/bin/../lib/gcc/arm-none-eabi/10.3.1/../../../../arm-none-eabi/lib/thumb/v7e-m+fp/hard\libc_nano.a(lib_a-errno.o)
                              ./Core/Src/syscalls.o (__errno)
c:/st/stm32cubeide_1.11.2/stm32cubeide/plugins/com.st.stm32cube.ide.mcu.externaltools.gnu-tools-for-stm32.10.3-2021.10.win32_1.0.100.202210260954/tools/bin/../lib/gcc/arm-none-eabi/10.3.1/../../../../arm-none-eabi/lib/thumb/v7e-m+fp/hard\libc_nano.a(lib_a-exit.o)
                              c:/st/stm32cubeide_1.11.2/stm32cubeide/plugins/com.st.stm32cube.ide.mcu.externaltools.gnu-tools-for-stm32.10.3-2021.10.win32_1.0.100.202210260954/tools/bin/../lib/gcc/arm-none-eabi/10.3.1/../../../../arm-none-eabi/lib/thumb/v7e-m+fp/hard/crt0.o (exit)
c:/st/stm32cubeide_1.11.2/stm32cubeide/plugins/com.st.stm32cube.ide.mcu.externaltools.gnu-tools-for-stm32.10.3-2021.10.win32_1.0.100.202210260954/tools/bin/../lib/gcc/arm-none-eabi/10.3.1/../../../../arm-none-eabi/lib/thumb/v7e-m+fp/hard\libc_nano.a(lib_a-impure.o)
                              c:/st/stm32cubeide_1.11.2/stm32cubeide/plugins/com.st.stm32cube.ide.mcu.externaltools.gnu-tools-for-stm32.10.3-2021.10.win32_1.0.100.202210260954/tools/bin/../lib/gcc/arm-none-eabi/10.3.1/../../../../arm-none-eabi/lib/thumb/v7e-m+fp/hard\libc_nano.a(lib_a-exit.o) (_global_impure_ptr)
c:/st/stm32cubeide_1.11.2/stm32cubeide/plugins/com.st.stm32cube.ide.mcu.externaltools.gnu-tools-for-stm32.10.3-2021.10.win32_1.0.100.202210260954/tools/bin/../lib/gcc/arm-none-eabi/10.3.1/../../../../arm-none-eabi/lib/thumb/v7e-m+fp/hard\libc_nano.a(lib_a-init.o)
                              c:/st/stm32cubeide_1.11.2/stm32cubeide/plugins/com.st.stm32cube.ide.mcu.externaltools.gnu-tools-for-stm32.10.3-2021.10.win32_1.0.100.202210260954/tools/bin/../lib/gcc/arm-none-eabi/10.3.1/../../../../arm-none-eabi/lib/thumb/v7e-m+fp/hard/crt0.o (__libc_init_array)
c:/st/stm32cubeide_1.11.2/stm32cubeide/plugins/com.st.stm32cube.ide.mcu.externaltools.gnu-tools-for-stm32.10.3-2021.10.win32_1.0.100.202210260954/tools/bin/../lib/gcc/arm-none-eabi/10.3.1/../../../../arm-none-eabi/lib/thumb/v7e-m+fp/hard\libc_nano.a(lib_a-memset.o)
                              c:/st/stm32cubeide_1.11.2/stm32cubeide/plugins/com.st.stm32cube.ide.mcu.externaltools.gnu-tools-for-stm32.10.3-2021.10.win32_1.0.100.202210260954/tools/bin/../lib/gcc/arm-none-eabi/10.3.1/../../../../arm-none-eabi/lib/thumb/v7e-m+fp/hard/crt0.o (memset)
c:/st/stm32cubeide_1.11.2/stm32cubeide/plugins/com.st.stm32cube.ide.mcu.externaltools.gnu-tools-for-stm32.10.3-2021.10.win32_1.0.100.202210260954/tools/bin/../lib/gcc/arm-none-eabi/10.3.1/../../../../arm-none-eabi/lib/thumb/v7e-m+fp/hard\libc_nano.a(lib_a-sprintf.o)
                              ./Core/Src/main.o (sprintf)
c:/st/stm32cubeide_1.11.2/stm32cubeide/plugins/com.st.stm32cube.ide.mcu.externaltools.gnu-tools-for-stm32.10.3-2021.10.win32_1.0.100.202210260954/tools/bin/../lib/gcc/arm-none-eabi/10.3.1/../../../../arm-none-eabi/lib/thumb/v7e-m+fp/hard\libc_nano.a(lib_a-strlen.o)
                              ./Core/Src/main.o (strlen)
c:/st/stm32cubeide_1.11.2/stm32cubeide/plugins/com.st.stm32cube.ide.mcu.externaltools.gnu-tools-for-stm32.10.3-2021.10.win32_1.0.100.202210260954/tools/bin/../lib/gcc/arm-none-eabi/10.3.1/../../../../arm-none-eabi/lib/thumb/v7e-m+fp/hard\libc_nano.a(lib_a-nano-svfprintf.o)
                              c:/st/stm32cubeide_1.11.2/stm32cubeide/plugins/com.st.stm32cube.ide.mcu.externaltools.gnu-tools-for-stm32.10.3-2021.10.win32_1.0.100.202210260954/tools/bin/../lib/gcc/arm-none-eabi/10.3.1/../../../../arm-none-eabi/lib/thumb/v7e-m+fp/hard\libc_nano.a(lib_a-sprintf.o) (_svfprintf_r)
c:/st/stm32cubeide_1.11.2/stm32cubeide/plugins/com.st.stm32cube.ide.mcu.externaltools.gnu-tools-for-stm32.10.3-2021.10.win32_1.0.100.202210260954/tools/bin/../lib/gcc/arm-none-eabi/10.3.1/../../../../arm-none-eabi/lib/thumb/v7e-m+fp/hard\libc_nano.a(lib_a-nano-vfprintf_i.o)
                              c:/st/stm32cubeide_1.11.2/stm32cubeide/plugins/com.st.stm32cube.ide.mcu.externaltools.gnu-tools-for-stm32.10.3-2021.10.win32_1.0.100.202210260954/tools/bin/../lib/gcc/arm-none-eabi/10.3.1/../../../../arm-none-eabi/lib/thumb/v7e-m+fp/hard\libc_nano.a(lib_a-nano-svfprintf.o) (_printf_i)
c:/st/stm32cubeide_1.11.2/stm32cubeide/plugins/com.st.stm32cube.ide.mcu.externaltools.gnu-tools-for-stm32.10.3-2021.10.win32_1.0.100.202210260954/tools/bin/../lib/gcc/arm-none-eabi/10.3.1/../../../../arm-none-eabi/lib/thumb/v7e-m+fp/hard\libc_nano.a(lib_a-memchr.o)
[...]
Memory Configuration

Name             Origin             Length             Attributes
RAM              0x0000000020000000 0x0000000000020000 xrw
FLASH            0x0000000008000000 0x0000000000080000 xr
*default*        0x0000000000000000 0xffffffffffffffff

Linker script and memory map

LOAD c:/st/stm32cubeide_1.11.2/stm32cubeide/plugins/com.st.stm32cube.ide.mcu.externaltools.gnu-tools-for-stm32.10.3-2021.10.win32_1.0.100.202210260954/tools/bin/../lib/gcc/arm-none-eabi/10.3.1/thumb/v7e-m+fp/hard/crti.o
LOAD c:/st/stm32cubeide_1.11.2/stm32cubeide/plugins/com.st.stm32cube.ide.mcu.externaltools.gnu-tools-for-stm32.10.3-2021.10.win32_1.0.100.202210260954/tools/bin/../lib/gcc/arm-none-eabi/10.3.1/thumb/v7e-m+fp/hard/crtbegin.o
LOAD c:/st/stm32cubeide_1.11.2/stm32cubeide/plugins/com.st.stm32cube.ide.mcu.externaltools.gnu-tools-for-stm32.10.3-2021.10.win32_1.0.100.202210260954/tools/bin/../lib/gcc/arm-none-eabi/10.3.1/../../../../arm-none-eabi/lib/thumb/v7e-m+fp/hard/crt0.o
LOAD ./Core/Src/fatfs_sd.o
LOAD ./Core/Src/main.o
LOAD ./Core/Src/stm32f4xx_hal_msp.o
LOAD ./Core/Src/stm32f4xx_it.o
LOAD ./Core/Src/syscalls.o
LOAD ./Core/Src/sysmem.o
LOAD ./Core/Src/system_stm32f4xx.o
LOAD ./Core/Startup/startup_stm32f446retx.o
LOAD ./Drivers/STM32F4xx_HAL_Driver/Src/stm32f4xx_hal.o
LOAD ./Drivers/STM32F4xx_HAL_Driver/Src/stm32f4xx_hal_adc.o
LOAD ./Drivers/STM32F4xx_HAL_Driver/Src/stm32f4xx_hal_adc_ex.o
LOAD ./Drivers/STM32F4xx_HAL_Driver/Src/stm32f4xx_hal_cortex.o
LOAD ./Drivers/STM32F4xx_HAL_Driver/Src/stm32f4xx_hal_dma.o
LOAD ./Drivers/STM32F4xx_HAL_Driver/Src/stm32f4xx_hal_dma_ex.o
LOAD ./Drivers/STM32F4xx_HAL_Driver/Src/stm32f4xx_hal_exti.o
LOAD ./Drivers/STM32F4xx_HAL_Driver/Src/stm32f4xx_hal_flash.o
LOAD ./Drivers/STM32F4xx_HAL_Driver/Src/stm32f4xx_hal_flash_ex.o
LOAD ./Drivers/STM32F4xx_HAL_Driver/Src/stm32f4xx_hal_flash_ramfunc.o
LOAD ./Drivers/STM32F4xx_HAL_Driver/Src/stm32f4xx_hal_gpio.o
LOAD ./Drivers/STM32F4xx_HAL_Driver/Src/stm32f4xx_hal_pwr.o
LOAD ./Drivers/STM32F4xx_HAL_Driver/Src/stm32f4xx_hal_pwr_ex.o
LOAD ./Drivers/STM32F4xx_HAL_Driver/Src/stm32f4xx_hal_rcc.o
LOAD ./Drivers/STM32F4xx_HAL_Driver/Src/stm32f4xx_hal_rcc_ex.o
LOAD ./Drivers/STM32F4xx_HAL_Driver/Src/stm32f4xx_hal_spi.o
LOAD ./Drivers/STM32F4xx_HAL_Driver/Src/stm32f4xx_hal_tim.o
LOAD ./Drivers/STM32F4xx_HAL_Driver/Src/stm32f4xx_hal_tim_ex.o
LOAD ./Drivers/STM32F4xx_HAL_Driver/Src/stm32f4xx_hal_uart.o
LOAD ./Drivers/STM32F4xx_HAL_Driver/Src/stm32f4xx_ll_adc.o
LOAD ./FATFS/App/fatfs.o
LOAD ./FATFS/Target/user_diskio.o
LOAD ./Middlewares/Third_Party/FatFs/src/diskio.o
LOAD ./Middlewares/Third_Party/FatFs/src/ff.o
LOAD ./Middlewares/Third_Party/FatFs/src/ff_gen_drv.o
LOAD ./Middlewares/Third_Party/FatFs/src/option/ccsbcs.o
LOAD ./Middlewares/Third_Party/FatFs/src/option/syscall.o
START GROUP
LOAD c:/st/stm32cubeide_1.11.2/stm32cubeide/plugins/com.st.stm32cube.ide.mcu.externaltools.gnu-tools-for-stm32.10.3-2021.10.win32_1.0.100.202210260954/tools/bin/../lib/gcc/arm-none-eabi/10.3.1/../../../../arm-none-eabi/lib/thumb/v7e-m+fp/hard\libc_nano.a
LOAD c:/st/stm32cubeide_1.11.2/stm32cubeide/plugins/com.st.stm32cube.ide.mcu.externaltools.gnu-tools-for-stm32.10.3-2021.10.win32_1.0.100.202210260954/tools/bin/../lib/gcc/arm-none-eabi/10.3.1/../../../../arm-none-eabi/lib/thumb/v7e-m+fp/hard\libm.a
END GROUP
START GROUP
LOAD c:/st/stm32cubeide_1.11.2/stm32cubeide/plugins/com.st.stm32cube.ide.mcu.externaltools.gnu-tools-for-stm32.10.3-2021.10.win32_1.0.100.202210260954/tools/bin/../lib/gcc/arm-none-eabi/10.3.1/thumb/v7e-m+fp/hard\libgcc.a
LOAD c:/st/stm32cubeide_1.11.2/stm32cubeide/plugins/com.st.stm32cube.ide.mcu.externaltools.gnu-tools-for-stm32.10.3-2021.10.win32_1.0.100.202210260954/tools/bin/../lib/gcc/arm-none-eabi/10.3.1/../../../../arm-none-eabi/lib/thumb/v7e-m+fp/hard\libc_nano.a
END GROUP
START GROUP
LOAD c:/st/stm32cubeide_1.11.2/stm32cubeide/plugins/com.st.stm32cube.ide.mcu.externaltools.gnu-tools-for-stm32.10.3-2021.10.win32_1.0.100.202210260954/tools/bin/../lib/gcc/arm-none-eabi/10.3.1/thumb/v7e-m+fp/hard\libgcc.a
LOAD c:/st/stm32cubeide_1.11.2/stm32cubeide/plugins/com.st.stm32cube.ide.mcu.externaltools.gnu-tools-for-stm32.10.3-2021.10.win32_1.0.100.202210260954/tools/bin/../lib/gcc/arm-none-eabi/10.3.1/../../../../arm-none-eabi/lib/thumb/v7e-m+fp/hard\libc_nano.a
LOAD c:/st/stm32cubeide_1.11.2/stm32cubeide/plugins/com.st.stm32cube.ide.mcu.externaltools.gnu-tools-for-stm32.10.3-2021.10.win32_1.0.100.202210260954/tools/bin/../lib/gcc/arm-none-eabi/10.3.1/../../../../arm-none-eabi/lib/thumb/v7e-m+fp/hard\libnosys.a
END GROUP
START GROUP
LOAD c:/st/stm32cubeide_1.11.2/stm32cubeide/plugins/com.st.stm32cube.ide.mcu.externaltools.gnu-tools-for-stm32.10.3-2021.10.win32_1.0.100.202210260954/tools/bin/../lib/gcc/arm-none-eabi/10.3.1/thumb/v7e-m+fp/hard\libgcc.a
LOAD c:/st/stm32cubeide_1.11.2/stm32cubeide/plugins/com.st.stm32cube.ide.mcu.externaltools.gnu-tools-for-stm32.10.3-2021.10.win32_1.0.100.202210260954/tools/bin/../lib/gcc/arm-none-eabi/10.3.1/../../../../arm-none-eabi/lib/thumb/v7e-m+fp/hard\libc_nano.a
LOAD c:/st/stm32cubeide_1.11.2/stm32cubeide/plugins/com.st.stm32cube.ide.mcu.externaltools.gnu-tools-for-stm32.10.3-2021.10.win32_1.0.100.202210260954/tools/bin/../lib/gcc/arm-none-eabi/10.3.1/../../../../arm-none-eabi/lib/thumb/v7e-m+fp/hard\libnosys.a
END GROUP
LOAD c:/st/stm32cubeide_1.11.2/stm32cubeide/plugins/com.st.stm32cube.ide.mcu.externaltools.gnu-tools-for-stm32.10.3-2021.10.win32_1.0.100.202210260954/tools/bin/../lib/gcc/arm-none-eabi/10.3.1/thumb/v7e-m+fp/hard/crtend.o
LOAD c:/st/stm32cubeide_1.11.2/stm32cubeide/plugins/com.st.stm32cube.ide.mcu.externaltools.gnu-tools-for-stm32.10.3-2021.10.win32_1.0.100.202210260954/tools/bin/../lib/gcc/arm-none-eabi/10.3.1/thumb/v7e-m+fp/hard/crtn.o
                0x0000000020020000                _estack = (ORIGIN (RAM) + LENGTH (RAM))
                0x0000000000000200                _Min_Heap_Size = 0x200
                0x0000000000000400                _Min_Stack_Size = 0x400

.isr_vector     0x0000000008000000      0x1c4
                0x0000000008000000                . = ALIGN (0x4)
 *(.isr_vector)
 .isr_vector    0x0000000008000000      0x1c4 ./Core/Startup/startup_stm32f446retx.o
                0x0000000008000000                g_pfnVectors
                0x00000000080001c4                . = ALIGN (0x4)

.text           0x00000000080001d0     0x8e80
                0x00000000080001d0                . = ALIGN (0x4)
 *(.text)
 .text          0x00000000080001d0       0x40 c:/st/stm32cubeide_1.11.2/stm32cubeide/plugins/com.st.stm32cube.ide.mcu.externaltools.gnu-tools-for-stm32.10.3-2021.10.win32_1.0.100.202210260954/tools/bin/../lib/gcc/arm-none-eabi/10.3.1/thumb/v7e-m+fp/hard/crtbegin.o
 .text          0x0000000008000210       0x10 c:/st/stm32cubeide_1.11.2/stm32cubeide/plugins/com.st.stm32cube.ide.mcu.externaltools.gnu-tools-for-stm32.10.3-2021.10.win32_1.0.100.202210260954/tools/bin/../lib/gcc/arm-none-eabi/10.3.1/../../../../arm-none-eabi/lib/thumb/v7e-m+fp/hard\libc_nano.a(lib_a-strlen.o)
                0x0000000008000210                strlen
 .text          0x0000000008000220       0xa0 c:/st/stm32cubeide_1.11.2/stm32cubeide/plugins/com.st.stm32cube.ide.mcu.externaltools.gnu-tools-for-stm32.10.3-2021.10.win32_1.0.100.202210260954/tools/bin/../lib/gcc/arm-none-eabi/10.3.1/../../../../arm-none-eabi/lib/thumb/v7e-m+fp/hard\libc_nano.a(lib_a-memchr.o)
                0x0000000008000220                memchr
 .text          0x00000000080002c0      0x254 c:/st/stm32cubeide_1.11.2/stm32cubeide/plugins/com.st.stm32cube.ide.mcu.externaltools.gnu-tools-for-stm32.10.3-2021.10.win32_1.0.100.202210260954/tools/bin/../lib/gcc/arm-none-eabi/10.3.1/thumb/v7e-m+fp/hard\libgcc.a(_arm_muldf3.o)
                0x00000000080002c0                __muldf3
                0x00000000080002c0                __aeabi_dmul
 .text          0x0000000008000514      0x378 c:/st/stm32cubeide_1.11.2/stm32cubeide/plugins/com.st.stm32cube.ide.mcu.externaltools.gnu-tools-for-stm32.10.3-2021.10.win32_1.0.100.202210260954/tools/bin/../lib/gcc/arm-none-eabi/10.3.1/thumb/v7e-m+fp/hard\libgcc.a(_arm_addsubdf3.o)
                0x0000000008000514                __aeabi_drsub
                0x000000000800051c                __aeabi_dsub
                0x000000000800051c                __subdf3
                0x0000000008000520                __aeabi_dadd
                0x0000000008000520                __adddf3
                0x0000000008000798                __floatunsidf
                0x0000000008000798                __aeabi_ui2d
                0x00000000080007b8                __floatsidf
                0x00000000080007b8                __aeabi_i2d
                0x00000000080007dc                __aeabi_f2d
                0x00000000080007dc                __extendsfdf2
                0x0000000008000820                __floatundidf
                0x0000000008000820                __aeabi_ul2d
                0x0000000008000830                __floatdidf
                0x0000000008000830                __aeabi_l2d
 .text          0x000000000800088c       0x40 c:/st/stm32cubeide_1.11.2/stm32cubeide/plugins/com.st.stm32cube.ide.mcu.externaltools.gnu-tools-for-stm32.10.3-2021.10.win32_1.0.100.202210260954/tools/bin/../lib/gcc/arm-none-eabi/10.3.1/thumb/v7e-m+fp/hard\libgcc.a(_arm_fixunsdfsi.o)
                0x000000000800088c                __aeabi_d2uiz
                0x000000000800088c                __fixunsdfsi
 .text          0x00000000080008cc       0x30 c:/st/stm32cubeide_1.11.2/stm32cubeide/plugins/com.st.stm32cube.ide.mcu.externaltools.gnu-tools-for-stm32.10.3-2021.10.win32_1.0.100.202210260954/tools/bin/../lib/gcc/arm-none-eabi/10.3.1/thumb/v7e-m+fp/hard\libgcc.a(_aeabi_uldivmod.o)
                0x00000000080008cc                __aeabi_uldivmod
 .text          0x00000000080008fc      0x2d0 c:/st/stm32cubeide_1.11.2/stm32cubeide/plugins/com.st.stm32cube.ide.mcu.externaltools.gnu-tools-for-stm32.10.3-2021.10.win32_1.0.100.202210260954/tools/bin/../lib/gcc/arm-none-eabi/10.3.1/thumb/v7e-m+fp/hard\libgcc.a(_udivmoddi4.o)
                0x00000000080008fc                __udivmoddi4
 .text          0x0000000008000bcc        0x4 c:/st/stm32cubeide_1.11.2/stm32cubeide/plugins/com.st.stm32cube.ide.mcu.externaltools.gnu-tools-for-stm32.10.3-2021.10.win32_1.0.100.202210260954/tools/bin/../lib/gcc/arm-none-eabi/10.3.1/thumb/v7e-m+fp/hard\libgcc.a(_dvmd_tls.o)
                0x0000000008000bcc                __aeabi_idiv0
                0x0000000008000bcc                __aeabi_ldiv0
 *(.text*)
 .text.SELECT   0x0000000008000bd0       0x20 ./Core/Src/fatfs_sd.o
 .text.DESELECT
                0x0000000008000bf0       0x20 ./Core/Src/fatfs_sd.o
 .text.SPI_TxByte
                0x0000000008000c10       0x34 ./Core/Src/fatfs_sd.o
 .text.SPI_TxBuffer
                0x0000000008000c44       0x34 ./Core/Src/fatfs_sd.o
 .text.SPI_RxByte
                0x0000000008000c78       0x38 ./Core/Src/fatfs_sd.o
 .text.SPI_RxBytePtr
                0x0000000008000cb0       0x1c ./Core/Src/fatfs_sd.o
 .text.SD_ReadyWait
                0x0000000008000ccc       0x34 ./Core/Src/fatfs_sd.o
 .text.SD_PowerOn
                0x0000000008000d00       0x84 ./Core/Src/fatfs_sd.o
 .text.SD_PowerOff
                0x0000000008000d84       0x18 ./Core/Src/fatfs_sd.o
 .text.SD_CheckPower
                0x0000000008000d9c       0x18 ./Core/Src/fatfs_sd.o
 .text.SD_RxDataBlock
                0x0000000008000db4       0x60 ./Core/Src/fatfs_sd.o
 .text.SD_TxDataBlock
                0x0000000008000e14       0x86 ./Core/Src/fatfs_sd.o
 .text.SD_SendCmd
                0x0000000008000e9a       0xa8 ./Core/Src/fatfs_sd.o
 *fill*         0x0000000008000f42        0x2 
 .text.SD_disk_initialize
                0x0000000008000f44      0x1d8 ./Core/Src/fatfs_sd.o
                0x0000000008000f44                SD_disk_initialize
 .text.SD_disk_status
                0x000000000800111c       0x2c ./Core/Src/fatfs_sd.o
                0x000000000800111c                SD_disk_status
 .text.SD_disk_read
                0x0000000008001148       0xd4 ./Core/Src/fatfs_sd.o
                0x0000000008001148                SD_disk_read
 .text.SD_disk_write
                0x000000000800121c      0x108 ./Core/Src/fatfs_sd.o
                0x000000000800121c                SD_disk_write
 .text.SD_disk_ioctl
                0x0000000008001324      0x258 ./Core/Src/fatfs_sd.o
                0x0000000008001324                SD_disk_ioctl
 .text.send_uart
                0x000000000800157c       0x30 ./Core/Src/main.o
                0x000000000800157c                send_uart
 .text.bufclear
                0x00000000080015ac       0x38 ./Core/Src/main.o
                0x00000000080015ac                bufclear
 .text.main     0x00000000080015e4      0x1c4 ./Core/Src/main.o
                0x00000000080015e4                main
 .text.SystemClock_Config
                0x00000000080017a8       0xe4 ./Core/Src/main.o
                0x00000000080017a8                SystemClock_Config
 .text.MX_ADC1_Init
                0x000000000800188c       0xa4 ./Core/Src/main.o
 .text.MX_SPI1_Init
                0x0000000008001930       0x6c ./Core/Src/main.o
 .text.MX_USART1_UART_Init
                0x000000000800199c       0x54 ./Core/Src/main.o
 .text.MX_DMA_Init
                0x00000000080019f0       0x40 ./Core/Src/main.o
 .text.MX_GPIO_Init
                0x0000000008001a30       0xcc ./Core/Src/main.o
 .text.HAL_ADC_ConvHalfCpltCallback
                0x0000000008001afc       0x20 ./Core/Src/main.o
                0x0000000008001afc                HAL_ADC_ConvHalfCpltCallback
 .text.HAL_ADC_ConvCpltCallback
                0x0000000008001b1c       0x20 ./Core/Src/main.o
                0x0000000008001b1c                HAL_ADC_ConvCpltCallback
 .text.Error_Handler
                0x0000000008001b3c        0xa ./Core/Src/main.o
                0x0000000008001b3c                Error_Handler
 *fill*         0x0000000008001b46        0x2 
 .text.HAL_MspInit
                0x0000000008001b48       0x50 ./Core/Src/stm32f4xx_hal_msp.o
                0x0000000008001b48                HAL_MspInit
 .text.HAL_ADC_MspInit
                0x0000000008001b98       0xf0 ./Core/Src/stm32f4xx_hal_msp.o
                0x0000000008001b98                HAL_ADC_MspInit
 .text.HAL_SPI_MspInit
                0x0000000008001c88       0xd0 ./Core/Src/stm32f4xx_hal_msp.o
                0x0000000008001c88                HAL_SPI_MspInit
 .text.HAL_UART_MspInit
                0x0000000008001d58       0x90 ./Core/Src/stm32f4xx_hal_msp.o
                0x0000000008001d58                HAL_UART_MspInit
 .text.SDTimer_Handler
                0x0000000008001de8       0x48 ./Core/Src/stm32f4xx_it.o
                0x0000000008001de8                SDTimer_Handler
 .text.NMI_Handler
                0x0000000008001e30        0x6 ./Core/Src/stm32f4xx_it.o
                0x0000000008001e30                NMI_Handler
 .text.HardFault_Handler
                0x0000000008001e36        0x6 ./Core/Src/stm32f4xx_it.o
                0x0000000008001e36                HardFault_Handler
 .text.MemManage_Handler
                0x0000000008001e3c        0x6 ./Core/Src/stm32f4xx_it.o
                0x0000000008001e3c                MemManage_Handler
 .text.BusFault_Handler
                0x0000000008001e42        0x6 ./Core/Src/stm32f4xx_it.o
                0x0000000008001e42                BusFault_Handler
 .text.UsageFault_Handler
                0x0000000008001e48        0x6 ./Core/Src/stm32f4xx_it.o
                0x0000000008001e48                UsageFault_Handler
 .text.SVC_Handler
                0x0000000008001e4e        0xe ./Core/Src/stm32f4xx_it.o
                0x0000000008001e4e                SVC_Handler
 .text.DebugMon_Handler
                0x0000000008001e5c        0xe ./Core/Src/stm32f4xx_it.o
                0x0000000008001e5c                DebugMon_Handler
 .text.PendSV_Handler
                0x0000000008001e6a        0xe ./Core/Src/stm32f4xx_it.o
                0x0000000008001e6a                PendSV_Handler
 .text.SysTick_Handler
                0x0000000008001e78       0x34 ./Core/Src/stm32f4xx_it.o
                0x0000000008001e78                SysTick_Handler
 .text.DMA2_Stream0_IRQHandler
                0x0000000008001eac       0x14 ./Core/Src/stm32f4xx_it.o
                0x0000000008001eac                DMA2_Stream0_IRQHandler
 .text._sbrk    0x0000000008001ec0       0x6c ./Core/Src/sysmem.o
                0x0000000008001ec0                _sbrk
 .text.SystemInit
                0x0000000008001f2c       0x24 ./Core/Src/system_stm32f4xx.o
                0x0000000008001f2c                SystemInit
 .text.Reset_Handler
                0x0000000008001f50       0x50 ./Core/Startup/startup_stm32f446retx.o
                0x0000000008001f50                Reset_Handler
 .text.Default_Handler
                0x0000000008001fa0        0x2 ./Core/Startup/startup_stm32f446retx.o
                0x0000000008001fa0                RTC_Alarm_IRQHandler
                0x0000000008001fa0                EXTI2_IRQHandler
                0x0000000008001fa0                TIM8_CC_IRQHandler
                0x0000000008001fa0                FMPI2C1_EV_IRQHandler
                0x0000000008001fa0                SPI4_IRQHandler
                0x0000000008001fa0                TIM1_CC_IRQHandler
                0x0000000008001fa0                DMA2_Stream5_IRQHandler
                0x0000000008001fa0                DMA1_Stream5_IRQHandler
                0x0000000008001fa0                PVD_IRQHandler
                0x0000000008001fa0                SDIO_IRQHandler
                0x0000000008001fa0                TAMP_STAMP_IRQHandler
                0x0000000008001fa0                CAN2_RX1_IRQHandler
                0x0000000008001fa0                EXTI3_IRQHandler
                0x0000000008001fa0                TIM8_TRG_COM_TIM14_IRQHandler
                0x0000000008001fa0                TIM1_UP_TIM10_IRQHandler
                0x0000000008001fa0                TIM8_UP_TIM13_IRQHandler
                0x0000000008001fa0                I2C3_ER_IRQHandler
                0x0000000008001fa0                EXTI0_IRQHandler
                0x0000000008001fa0                I2C2_EV_IRQHandler
                0x0000000008001fa0                DMA1_Stream2_IRQHandler
                0x0000000008001fa0                CAN1_RX0_IRQHandler
                0x0000000008001fa0                FPU_IRQHandler
                0x0000000008001fa0                OTG_HS_WKUP_IRQHandler
                0x0000000008001fa0                CAN2_SCE_IRQHandler
                0x0000000008001fa0                DMA2_Stream2_IRQHandler
                0x0000000008001fa0                SPI1_IRQHandler
                0x0000000008001fa0                TIM6_DAC_IRQHandler
                0x0000000008001fa0                TIM1_BRK_TIM9_IRQHandler
                0x0000000008001fa0                DCMI_IRQHandler
                0x0000000008001fa0                CAN2_RX0_IRQHandler
                0x0000000008001fa0                DMA2_Stream3_IRQHandler
                0x0000000008001fa0                SAI2_IRQHandler
                0x0000000008001fa0                USART6_IRQHandler
                0x0000000008001fa0                USART3_IRQHandler
                0x0000000008001fa0                CAN1_RX1_IRQHandler
                0x0000000008001fa0                UART5_IRQHandler
                0x0000000008001fa0                TIM4_IRQHandler
                0x0000000008001fa0                QUADSPI_IRQHandler
                0x0000000008001fa0                I2C1_EV_IRQHandler
                0x0000000008001fa0                DMA1_Stream6_IRQHandler
                0x0000000008001fa0                DMA1_Stream1_IRQHandler
                0x0000000008001fa0                UART4_IRQHandler
                0x0000000008001fa0                TIM3_IRQHandler
                0x0000000008001fa0                RCC_IRQHandler
                0x0000000008001fa0                TIM8_BRK_TIM12_IRQHandler
                0x0000000008001fa0                Default_Handler
                0x0000000008001fa0                CEC_IRQHandler
                0x0000000008001fa0                EXTI15_10_IRQHandler
                0x0000000008001fa0                ADC_IRQHandler
                0x0000000008001fa0                DMA1_Stream7_IRQHandler
                0x0000000008001fa0                TIM7_IRQHandler
                0x0000000008001fa0                CAN2_TX_IRQHandler
                0x0000000008001fa0                TIM5_IRQHandler
                0x0000000008001fa0                DMA2_Stream7_IRQHandler
                0x0000000008001fa0                I2C3_EV_IRQHandler
                0x0000000008001fa0                EXTI9_5_IRQHandler
                0x0000000008001fa0                RTC_WKUP_IRQHandler
                0x0000000008001fa0                SPDIF_RX_IRQHandler
                0x0000000008001fa0                SPI2_IRQHandler
                0x0000000008001fa0                OTG_HS_EP1_IN_IRQHandler
                0x0000000008001fa0                DMA1_Stream0_IRQHandler
                0x0000000008001fa0                CAN1_TX_IRQHandler
                0x0000000008001fa0                FMPI2C1_ER_IRQHandler
                0x0000000008001fa0                EXTI4_IRQHandler
                0x0000000008001fa0                OTG_HS_EP1_OUT_IRQHandler
                0x0000000008001fa0                WWDG_IRQHandler
                0x0000000008001fa0                TIM2_IRQHandler
                0x0000000008001fa0                OTG_FS_WKUP_IRQHandler
                0x0000000008001fa0                TIM1_TRG_COM_TIM11_IRQHandler
                0x0000000008001fa0                OTG_HS_IRQHandler
                0x0000000008001fa0                EXTI1_IRQHandler
                0x0000000008001fa0                USART2_IRQHandler
                0x0000000008001fa0                I2C2_ER_IRQHandler
                0x0000000008001fa0                DMA2_Stream1_IRQHandler
                0x0000000008001fa0                CAN1_SCE_IRQHandler
                0x0000000008001fa0                FLASH_IRQHandler
                0x0000000008001fa0                DMA2_Stream4_IRQHandler
                0x0000000008001fa0                USART1_IRQHandler
                0x0000000008001fa0                OTG_FS_IRQHandler
                0x0000000008001fa0                SPI3_IRQHandler
                0x0000000008001fa0                DMA1_Stream4_IRQHandler
                0x0000000008001fa0                I2C1_ER_IRQHandler
                0x0000000008001fa0                FMC_IRQHandler
                0x0000000008001fa0                DMA2_Stream6_IRQHandler
                0x0000000008001fa0                SAI1_IRQHandler
                0x0000000008001fa0                DMA1_Stream3_IRQHandler
 *fill*         0x0000000008001fa2        0x2 
 .text.HAL_Init
                0x0000000008001fa4       0x44 ./Drivers/STM32F4xx_HAL_Driver/Src/stm32f4xx_hal.o
                0x0000000008001fa4                HAL_Init
 .text.HAL_InitTick
                0x0000000008001fe8       0x60 ./Drivers/STM32F4xx_HAL_Driver/Src/stm32f4xx_hal.o
                0x0000000008001fe8                HAL_InitTick
 .text.HAL_IncTick
                0x0000000008002048       0x28 ./Drivers/STM32F4xx_HAL_Driver/Src/stm32f4xx_hal.o
                0x0000000008002048                HAL_IncTick
 .text.HAL_GetTick
                0x0000000008002070       0x18 ./Drivers/STM32F4xx_HAL_Driver/Src/stm32f4xx_hal.o
                0x0000000008002070                HAL_GetTick
 .text.HAL_Delay
                0x0000000008002088       0x48 ./Drivers/STM32F4xx_HAL_Driver/Src/stm32f4xx_hal.o
                0x0000000008002088                HAL_Delay
 .text.HAL_ADC_Init
                0x00000000080020d0       0x86 ./Drivers/STM32F4xx_HAL_Driver/Src/stm32f4xx_hal_adc.o
                0x00000000080020d0                HAL_ADC_Init
 *fill*         0x0000000008002156        0x2 
 .text.HAL_ADC_Start_DMA
                0x0000000008002158      0x220 ./Drivers/STM32F4xx_HAL_Driver/Src/stm32f4xx_hal_adc.o
                0x0000000008002158                HAL_ADC_Start_DMA
 .text.HAL_ADC_ErrorCallback
                0x0000000008002378       0x14 ./Drivers/STM32F4xx_HAL_Driver/Src/stm32f4xx_hal_adc.o
                0x0000000008002378                HAL_ADC_ErrorCallback
 .text.HAL_ADC_ConfigChannel
                0x000000000800238c      0x264 ./Drivers/STM32F4xx_HAL_Driver/Src/stm32f4xx_hal_adc.o
                0x000000000800238c                HAL_ADC_ConfigChannel
 .text.ADC_Init
                0x00000000080025f0      0x1f8 ./Drivers/STM32F4xx_HAL_Driver/Src/stm32f4xx_hal_adc.o
 .text.ADC_DMAConvCplt
                0x00000000080027e8       0xba ./Drivers/STM32F4xx_HAL_Driver/Src/stm32f4xx_hal_adc.o
 .text.ADC_DMAHalfConvCplt
                0x00000000080028a2       0x1c ./Drivers/STM32F4xx_HAL_Driver/Src/stm32f4xx_hal_adc.o
 .text.ADC_DMAError
                0x00000000080028be       0x2e ./Drivers/STM32F4xx_HAL_Driver/Src/stm32f4xx_hal_adc.o
 .text.__NVIC_SetPriorityGrouping
                0x00000000080028ec       0x48 ./Drivers/STM32F4xx_HAL_Driver/Src/stm32f4xx_hal_cortex.o
 .text.__NVIC_GetPriorityGrouping
                0x0000000008002934       0x1c ./Drivers/STM32F4xx_HAL_Driver/Src/stm32f4xx_hal_cortex.o
 .text.__NVIC_EnableIRQ
                0x0000000008002950       0x3c ./Drivers/STM32F4xx_HAL_Driver/Src/stm32f4xx_hal_cortex.o
 .text.__NVIC_SetPriority
                0x000000000800298c       0x54 ./Drivers/STM32F4xx_HAL_Driver/Src/stm32f4xx_hal_cortex.o
 .text.NVIC_EncodePriority
                0x00000000080029e0       0x66 ./Drivers/STM32F4xx_HAL_Driver/Src/stm32f4xx_hal_cortex.o
 *fill*         0x0000000008002a46        0x2 
 .text.SysTick_Config
                0x0000000008002a48       0x44 ./Drivers/STM32F4xx_HAL_Driver/Src/stm32f4xx_hal_cortex.o
 .text.HAL_NVIC_SetPriorityGrouping
                0x0000000008002a8c       0x16 ./Drivers/STM32F4xx_HAL_Driver/Src/stm32f4xx_hal_cortex.o
                0x0000000008002a8c                HAL_NVIC_SetPriorityGrouping
 .text.HAL_NVIC_SetPriority
                0x0000000008002aa2       0x38 ./Drivers/STM32F4xx_HAL_Driver/Src/stm32f4xx_hal_cortex.o
                0x0000000008002aa2                HAL_NVIC_SetPriority
 .text.HAL_NVIC_EnableIRQ
                0x0000000008002ada       0x1c ./Drivers/STM32F4xx_HAL_Driver/Src/stm32f4xx_hal_cortex.o
                0x0000000008002ada                HAL_NVIC_EnableIRQ
 .text.HAL_SYSTICK_Config
                0x0000000008002af6       0x18 ./Drivers/STM32F4xx_HAL_Driver/Src/stm32f4xx_hal_cortex.o
                0x0000000008002af6                HAL_SYSTICK_Config
 *fill*         0x0000000008002b0e        0x2 
 .text.HAL_DMA_Init
                0x0000000008002b10      0x15c ./Drivers/STM32F4xx_HAL_Driver/Src/stm32f4xx_hal_dma.o
                0x0000000008002b10                HAL_DMA_Init
 .text.HAL_DMA_Start_IT
                0x0000000008002c6c       0xb0 ./Drivers/STM32F4xx_HAL_Driver/Src/stm32f4xx_hal_dma.o
                0x0000000008002c6c                HAL_DMA_Start_IT
 .text.HAL_DMA_IRQHandler
                0x0000000008002d1c      0x314 ./Drivers/STM32F4xx_HAL_Driver/Src/stm32f4xx_hal_dma.o
                0x0000000008002d1c                HAL_DMA_IRQHandler
 .text.DMA_SetConfig
                0x0000000008003030       0x5c ./Drivers/STM32F4xx_HAL_Driver/Src/stm32f4xx_hal_dma.o
 .text.DMA_CalcBaseAndBitshift
                0x000000000800308c       0x6c ./Drivers/STM32F4xx_HAL_Driver/Src/stm32f4xx_hal_dma.o
 .text.DMA_CheckFifoParam
                0x00000000080030f8       0xf8 ./Drivers/STM32F4xx_HAL_Driver/Src/stm32f4xx_hal_dma.o
 .text.HAL_GPIO_Init
                0x00000000080031f0      0x328 ./Drivers/STM32F4xx_HAL_Driver/Src/stm32f4xx_hal_gpio.o
                0x00000000080031f0                HAL_GPIO_Init
 .text.HAL_GPIO_WritePin
                0x0000000008003518       0x32 ./Drivers/STM32F4xx_HAL_Driver/Src/stm32f4xx_hal_gpio.o
                0x0000000008003518                HAL_GPIO_WritePin
 *fill*         0x000000000800354a        0x2 
 .text.HAL_PWREx_EnableOverDrive
                0x000000000800354c       0xa0 ./Drivers/STM32F4xx_HAL_Driver/Src/stm32f4xx_hal_pwr_ex.o
                0x000000000800354c                HAL_PWREx_EnableOverDrive
 .text.HAL_RCC_ClockConfig
                0x00000000080035ec      0x1cc ./Drivers/STM32F4xx_HAL_Driver/Src/stm32f4xx_hal_rcc.o
                0x00000000080035ec                HAL_RCC_ClockConfig
 .text.HAL_RCC_GetHCLKFreq
                0x00000000080037b8       0x18 ./Drivers/STM32F4xx_HAL_Driver/Src/stm32f4xx_hal_rcc.o
                0x00000000080037b8                HAL_RCC_GetHCLKFreq
 .text.HAL_RCC_GetPCLK1Freq
                0x00000000080037d0       0x28 ./Drivers/STM32F4xx_HAL_Driver/Src/stm32f4xx_hal_rcc.o
                0x00000000080037d0                HAL_RCC_GetPCLK1Freq
 .text.HAL_RCC_GetPCLK2Freq
                0x00000000080037f8       0x28 ./Drivers/STM32F4xx_HAL_Driver/Src/stm32f4xx_hal_rcc.o
                0x00000000080037f8                HAL_RCC_GetPCLK2Freq
 .text.HAL_RCC_GetSysClockFreq
                0x0000000008003820      0x460 ./Drivers/STM32F4xx_HAL_Driver/Src/stm32f4xx_hal_rcc_ex.o
                0x0000000008003820                HAL_RCC_GetSysClockFreq
 .text.HAL_RCC_OscConfig
                0x0000000008003c80      0x53c ./Drivers/STM32F4xx_HAL_Driver/Src/stm32f4xx_hal_rcc_ex.o
                0x0000000008003c80                HAL_RCC_OscConfig
 .text.HAL_SPI_Init
                0x00000000080041bc      0x112 ./Drivers/STM32F4xx_HAL_Driver/Src/stm32f4xx_hal_spi.o
                0x00000000080041bc                HAL_SPI_Init
 .text.HAL_SPI_Transmit
                0x00000000080042ce      0x278 ./Drivers/STM32F4xx_HAL_Driver/Src/stm32f4xx_hal_spi.o
                0x00000000080042ce                HAL_SPI_Transmit
 .text.HAL_SPI_TransmitReceive
                0x0000000008004546      0x344 ./Drivers/STM32F4xx_HAL_Driver/Src/stm32f4xx_hal_spi.o
                0x0000000008004546                HAL_SPI_TransmitReceive
 *fill*         0x000000000800488a        0x2 
 .text.SPI_WaitFlagStateUntilTimeout
                0x000000000800488c      0x110 ./Drivers/STM32F4xx_HAL_Driver/Src/stm32f4xx_hal_spi.o
 .text.SPI_EndRxTxTransaction
                0x000000000800499c       0x84 ./Drivers/STM32F4xx_HAL_Driver/Src/stm32f4xx_hal_spi.o
 .text.HAL_UART_Init
                0x0000000008004a20       0x9a ./Drivers/STM32F4xx_HAL_Driver/Src/stm32f4xx_hal_uart.o
                0x0000000008004a20                HAL_UART_Init
 .text.HAL_UART_Transmit
                0x0000000008004aba      0x124 ./Drivers/STM32F4xx_HAL_Driver/Src/stm32f4xx_hal_uart.o
                0x0000000008004aba                HAL_UART_Transmit
 .text.UART_WaitOnFlagUntilTimeout
                0x0000000008004bde       0xdc ./Drivers/STM32F4xx_HAL_Driver/Src/stm32f4xx_hal_uart.o
 *fill*         0x0000000008004cba        0x2 
 .text.UART_SetConfig
                0x0000000008004cbc      0x4e8 ./Drivers/STM32F4xx_HAL_Driver/Src/stm32f4xx_hal_uart.o
 .text.MX_FATFS_Init
                0x00000000080051a4       0x24 ./FATFS/App/fatfs.o
                0x00000000080051a4                MX_FATFS_Init
 .text.get_fattime
                0x00000000080051c8       0x10 ./FATFS/App/fatfs.o
                0x00000000080051c8                get_fattime
 .text.USER_initialize
                0x00000000080051d8       0x1e ./FATFS/Target/user_diskio.o
                0x00000000080051d8                USER_initialize
 .text.USER_status
                0x00000000080051f6       0x1e ./FATFS/Target/user_diskio.o
                0x00000000080051f6                USER_status
 .text.USER_read
                0x0000000008005214       0x28 ./FATFS/Target/user_diskio.o
                0x0000000008005214                USER_read
 .text.USER_write
                0x000000000800523c       0x28 ./FATFS/Target/user_diskio.o
                0x000000000800523c                USER_write
 .text.USER_ioctl
                0x0000000008005264       0x28 ./FATFS/Target/user_diskio.o
                0x0000000008005264                USER_ioctl
 .text.disk_status
                0x000000000800528c       0x34 ./Middlewares/Third_Party/FatFs/src/diskio.o
                0x000000000800528c                disk_status
 .text.disk_initialize
                0x00000000080052c0       0x4c ./Middlewares/Third_Party/FatFs/src/diskio.o
                0x00000000080052c0                disk_initialize
 .text.disk_read
                0x000000000800530c       0x40 ./Middlewares/Third_Party/FatFs/src/diskio.o
                0x000000000800530c                disk_read
 .text.disk_write
                0x000000000800534c       0x40 ./Middlewares/Third_Party/FatFs/src/diskio.o
                0x000000000800534c                disk_write
 .text.disk_ioctl
                0x000000000800538c       0x3c ./Middlewares/Third_Party/FatFs/src/diskio.o
                0x000000000800538c                disk_ioctl
 .text.ld_word  0x00000000080053c8       0x30 ./Middlewares/Third_Party/FatFs/src/ff.o
 .text.ld_dword
                0x00000000080053f8       0x46 ./Middlewares/Third_Party/FatFs/src/ff.o
 .text.st_word  0x000000000800543e       0x36 ./Middlewares/Third_Party/FatFs/src/ff.o
 .text.st_dword
                0x0000000008005474       0x58 ./Middlewares/Third_Party/FatFs/src/ff.o
 .text.mem_cpy  0x00000000080054cc       0x42 ./Middlewares/Third_Party/FatFs/src/ff.o
 .text.mem_set  0x000000000800550e       0x36 ./Middlewares/Third_Party/FatFs/src/ff.o
 .text.mem_cmp  0x0000000008005544       0x4e ./Middlewares/Third_Party/FatFs/src/ff.o
 .text.chk_chr  0x0000000008005592       0x36 ./Middlewares/Third_Party/FatFs/src/ff.o
 .text.chk_lock
                0x00000000080055c8       0xb8 ./Middlewares/Third_Party/FatFs/src/ff.o
 .text.enq_lock
                0x0000000008005680       0x44 ./Middlewares/Third_Party/FatFs/src/ff.o
 .text.inc_lock
                0x00000000080056c4      0x11c ./Middlewares/Third_Party/FatFs/src/ff.o
 .text.dec_lock
                0x00000000080057e0       0x78 ./Middlewares/Third_Party/FatFs/src/ff.o
 .text.clear_lock
                0x0000000008005858       0x48 ./Middlewares/Third_Party/FatFs/src/ff.o
 .text.sync_window
                0x00000000080058a0       0x88 ./Middlewares/Third_Party/FatFs/src/ff.o
 .text.move_window
                0x0000000008005928       0x5a ./Middlewares/Third_Party/FatFs/src/ff.o
 *fill*         0x0000000008005982        0x2 
 .text.sync_fs  0x0000000008005984       0xe0 ./Middlewares/Third_Party/FatFs/src/ff.o
 .text.clust2sect
                0x0000000008005a64       0x3e ./Middlewares/Third_Party/FatFs/src/ff.o
 .text.get_fat  0x0000000008005aa2      0x1a8 ./Middlewares/Third_Party/FatFs/src/ff.o
 .text.put_fat  0x0000000008005c4a      0x238 ./Middlewares/Third_Party/FatFs/src/ff.o
 .text.remove_chain
                0x0000000008005e82       0xca ./Middlewares/Third_Party/FatFs/src/ff.o
 .text.create_chain
                0x0000000008005f4c      0x130 ./Middlewares/Third_Party/FatFs/src/ff.o
 .text.clmt_clust
                0x000000000800607c       0x70 ./Middlewares/Third_Party/FatFs/src/ff.o
 .text.dir_sdi  0x00000000080060ec      0x112 ./Middlewares/Third_Party/FatFs/src/ff.o
 .text.dir_next
                0x00000000080061fe      0x1ac ./Middlewares/Third_Party/FatFs/src/ff.o
 .text.dir_alloc
                0x00000000080063aa       0x8e ./Middlewares/Third_Party/FatFs/src/ff.o
 .text.ld_clust
                0x0000000008006438       0x3e ./Middlewares/Third_Party/FatFs/src/ff.o
 .text.st_clust
                0x0000000008006476       0x40 ./Middlewares/Third_Party/FatFs/src/ff.o
 *fill*         0x00000000080064b6        0x2 
 .text.cmp_lfn  0x00000000080064b8       0xe0 ./Middlewares/Third_Party/FatFs/src/ff.o
 .text.put_lfn  0x0000000008006598       0xd0 ./Middlewares/Third_Party/FatFs/src/ff.o
 .text.gen_numname
                0x0000000008006668      0x11c ./Middlewares/Third_Party/FatFs/src/ff.o
 .text.sum_sfn  0x0000000008006784       0x42 ./Middlewares/Third_Party/FatFs/src/ff.o
 .text.dir_find
                0x00000000080067c6      0x180 ./Middlewares/Third_Party/FatFs/src/ff.o
 *fill*         0x0000000008006946        0x2 
 .text.dir_register
                0x0000000008006948      0x1f0 ./Middlewares/Third_Party/FatFs/src/ff.o
 .text.create_name
                0x0000000008006b38      0x370 ./Middlewares/Third_Party/FatFs/src/ff.o
 .text.follow_path
                0x0000000008006ea8       0xec ./Middlewares/Third_Party/FatFs/src/ff.o
 .text.get_ldnumber
                0x0000000008006f94       0x88 ./Middlewares/Third_Party/FatFs/src/ff.o
 .text.check_fs
                0x000000000800701c       0xac ./Middlewares/Third_Party/FatFs/src/ff.o
 .text.find_volume
                0x00000000080070c8      0x50c ./Middlewares/Third_Party/FatFs/src/ff.o
 .text.validate
                0x00000000080075d4       0x6a ./Middlewares/Third_Party/FatFs/src/ff.o
 *fill*         0x000000000800763e        0x2 
 .text.f_mount  0x0000000008007640       0x8c ./Middlewares/Third_Party/FatFs/src/ff.o
                0x0000000008007640                f_mount
 .text.f_open   0x00000000080076cc      0x398 ./Middlewares/Third_Party/FatFs/src/ff.o
                0x00000000080076cc                f_open
 .text.f_read   0x0000000008007a64      0x2be ./Middlewares/Third_Party/FatFs/src/ff.o
                0x0000000008007a64                f_read
 .text.f_write  0x0000000008007d22      0x328 ./Middlewares/Third_Party/FatFs/src/ff.o
                0x0000000008007d22                f_write
 .text.f_sync   0x000000000800804a       0xfc ./Middlewares/Third_Party/FatFs/src/ff.o
                0x000000000800804a                f_sync
 .text.f_close  0x0000000008008146       0x54 ./Middlewares/Third_Party/FatFs/src/ff.o
                0x0000000008008146                f_close
 .text.f_getfree
                0x000000000800819a      0x16a ./Middlewares/Third_Party/FatFs/src/ff.o
                0x000000000800819a                f_getfree
 .text.f_gets   0x0000000008008304       0x7a ./Middlewares/Third_Party/FatFs/src/ff.o
                0x0000000008008304                f_gets
 .text.putc_bfd
                0x000000000800837e       0x7a ./Middlewares/Third_Party/FatFs/src/ff.o
 .text.putc_flush
                0x00000000080083f8       0x4a ./Middlewares/Third_Party/FatFs/src/ff.o
 .text.putc_init
                0x0000000008008442       0x2a ./Middlewares/Third_Party/FatFs/src/ff.o
 .text.f_puts   0x000000000800846c       0x48 ./Middlewares/Third_Party/FatFs/src/ff.o
                0x000000000800846c                f_puts
 .text.FATFS_LinkDriverEx
                0x00000000080084b4       0x98 ./Middlewares/Third_Party/FatFs/src/ff_gen_drv.o
                0x00000000080084b4                FATFS_LinkDriverEx
 .text.FATFS_LinkDriver
                0x000000000800854c       0x1e ./Middlewares/Third_Party/FatFs/src/ff_gen_drv.o
                0x000000000800854c                FATFS_LinkDriver
 *fill*         0x000000000800856a        0x2 
 .text.ff_convert
                0x000000000800856c       0x78 ./Middlewares/Third_Party/FatFs/src/option/ccsbcs.o
                0x000000000800856c                ff_convert
 .text.ff_wtoupper
                0x00000000080085e4      0x114 ./Middlewares/Third_Party/FatFs/src/option/ccsbcs.o
                0x00000000080085e4                ff_wtoupper
 .text.__errno  0x00000000080086f8        0xc c:/st/stm32cubeide_1.11.2/stm32cubeide/plugins/com.st.stm32cube.ide.mcu.externaltools.gnu-tools-for-stm32.10.3-2021.10.win32_1.0.100.202210260954/tools/bin/../lib/gcc/arm-none-eabi/10.3.1/../../../../arm-none-eabi/lib/thumb/v7e-m+fp/hard\libc_nano.a(lib_a-errno.o)
                0x00000000080086f8                __errno
 .text.__libc_init_array
                0x0000000008008704       0x48 c:/st/stm32cubeide_1.11.2/stm32cubeide/plugins/com.st.stm32cube.ide.mcu.externaltools.gnu-tools-for-stm32.10.3-2021.10.win32_1.0.100.202210260954/tools/bin/../lib/gcc/arm-none-eabi/10.3.1/../../../../arm-none-eabi/lib/thumb/v7e-m+fp/hard\libc_nano.a(lib_a-init.o)
                0x0000000008008704                __libc_init_array
 .text.memset   0x000000000800874c       0x10 c:/st/stm32cubeide_1.11.2/stm32cubeide/plugins/com.st.stm32cube.ide.mcu.externaltools.gnu-tools-for-stm32.10.3-2021.10.win32_1.0.100.202210260954/tools/bin/../lib/gcc/arm-none-eabi/10.3.1/../../../../arm-none-eabi/lib/thumb/v7e-m+fp/hard\libc_nano.a(lib_a-memset.o)
                0x000000000800874c                memset
 .text.sprintf  0x000000000800875c       0x40 c:/st/stm32cubeide_1.11.2/stm32cubeide/plugins/com.st.stm32cube.ide.mcu.externaltools.gnu-tools-for-stm32.10.3-2021.10.win32_1.0.100.202210260954/tools/bin/../lib/gcc/arm-none-eabi/10.3.1/../../../../arm-none-eabi/lib/thumb/v7e-m+fp/hard\libc_nano.a(lib_a-sprintf.o)
                0x000000000800875c                siprintf
                0x000000000800875c                sprintf
 .text.__ssputs_r
                0x000000000800879c       0xb6 c:/st/stm32cubeide_1.11.2/stm32cubeide/plugins/com.st.stm32cube.ide.mcu.externaltools.gnu-tools-for-stm32.10.3-2021.10.win32_1.0.100.202210260954/tools/bin/../lib/gcc/arm-none-eabi/10.3.1/../../../../arm-none-eabi/lib/thumb/v7e-m+fp/hard\libc_nano.a(lib_a-nano-svfprintf.o)
                0x000000000800879c                __ssputs_r
 *fill*         0x0000000008008852        0x2 
 .text._svfprintf_r
                0x0000000008008854      0x200 c:/st/stm32cubeide_1.11.2/stm32cubeide/plugins/com.st.stm32cube.ide.mcu.externaltools.gnu-tools-for-stm32.10.3-2021.10.win32_1.0.100.202210260954/tools/bin/../lib/gcc/arm-none-eabi/10.3.1/../../../../arm-none-eabi/lib/thumb/v7e-m+fp/hard\libc_nano.a(lib_a-nano-svfprintf.o)
                0x0000000008008854                _svfiprintf_r
                0x0000000008008854                _svfprintf_r
 .text._printf_common
                0x0000000008008a54       0xda c:/st/stm32cubeide_1.11.2/stm32cubeide/plugins/com.st.stm32cube.ide.mcu.externaltools.gnu-tools-for-stm32.10.3-2021.10.win32_1.0.100.202210260954/tools/bin/../lib/gcc/arm-none-eabi/10.3.1/../../../../arm-none-eabi/lib/thumb/v7e-m+fp/hard\libc_nano.a(lib_a-nano-vfprintf_i.o)
                0x0000000008008a54                _printf_common
 *fill*         0x0000000008008b2e        0x2 
 .text._printf_i
                0x0000000008008b30      0x24c c:/st/stm32cubeide_1.11.2/stm32cubeide/plugins/com.st.stm32cube.ide.mcu.externaltools.gnu-tools-for-stm32.10.3-2021.10.win32_1.0.100.202210260954/tools/bin/../lib/gcc/arm-none-eabi/10.3.1/../../../../arm-none-eabi/lib/thumb/v7e-m+fp/hard\libc_nano.a(lib_a-nano-vfprintf_i.o)
                0x0000000008008b30                _printf_i
 .text.memcpy   0x0000000008008d7c       0x1c c:/st/stm32cubeide_1.11.2/stm32cubeide/plugins/com.st.stm32cube.ide.mcu.externaltools.gnu-tools-for-stm32.10.3-2021.10.win32_1.0.100.202210260954/tools/bin/../lib/gcc/arm-none-eabi/10.3.1/../../../../arm-none-eabi/lib/thumb/v7e-m+fp/hard\libc_nano.a(lib_a-memcpy-stub.o)
                0x0000000008008d7c                memcpy
 .text.memmove  0x0000000008008d98       0x34 c:/st/stm32cubeide_1.11.2/stm32cubeide/plugins/com.st.stm32cube.ide.mcu.externaltools.gnu-tools-for-stm32.10.3-2021.10.win32_1.0.100.202210260954/tools/bin/../lib/gcc/arm-none-eabi/10.3.1/../../../../arm-none-eabi/lib/thumb/v7e-m+fp/hard\libc_nano.a(lib_a-memmove.o)
                0x0000000008008d98                memmove
 .text._free_r  0x0000000008008dcc       0x98 c:/st/stm32cubeide_1.11.2/stm32cubeide/plugins/com.st.stm32cube.ide.mcu.externaltools.gnu-tools-for-stm32.10.3-2021.10.win32_1.0.100.202210260954/tools/bin/../lib/gcc/arm-none-eabi/10.3.1/../../../../arm-none-eabi/lib/thumb/v7e-m+fp/hard\libc_nano.a(lib_a-nano-freer.o)
                0x0000000008008dcc                _free_r
 .text.sbrk_aligned
                0x0000000008008e64       0x40 c:/st/stm32cubeide_1.11.2/stm32cubeide/plugins/com.st.stm32cube.ide.mcu.externaltools.gnu-tools-for-stm32.10.3-2021.10.win32_1.0.100.202210260954/tools/bin/../lib/gcc/arm-none-eabi/10.3.1/../../../../arm-none-eabi/lib/thumb/v7e-m+fp/hard\libc_nano.a(lib_a-nano-mallocr.o)
 .text._malloc_r
                0x0000000008008ea4       0xe8 c:/st/stm32cubeide_1.11.2/stm32cubeide/plugins/com.st.stm32cube.ide.mcu.externaltools.gnu-tools-for-stm32.10.3-2021.10.win32_1.0.100.202210260954/tools/bin/../lib/gcc/arm-none-eabi/10.3.1/../../../../arm-none-eabi/lib/thumb/v7e-m+fp/hard\libc_nano.a(lib_a-nano-mallocr.o)
                0x0000000008008ea4                _malloc_r
 .text._realloc_r
                0x0000000008008f8c       0x5e c:/st/stm32cubeide_1.11.2/stm32cubeide/plugins/com.st.stm32cube.ide.mcu.externaltools.gnu-tools-for-stm32.10.3-2021.10.win32_1.0.100.202210260954/tools/bin/../lib/gcc/arm-none-eabi/10.3.1/../../../../arm-none-eabi/lib/thumb/v7e-m+fp/hard\libc_nano.a(lib_a-nano-reallocr.o)
                0x0000000008008f8c                _realloc_r
 *fill*         0x0000000008008fea        0x2 
 .text._sbrk_r  0x0000000008008fec       0x20 c:/st/stm32cubeide_1.11.2/stm32cubeide/plugins/com.st.stm32cube.ide.mcu.externaltools.gnu-tools-for-stm32.10.3-2021.10.win32_1.0.100.202210260954/tools/bin/../lib/gcc/arm-none-eabi/10.3.1/../../../../arm-none-eabi/lib/thumb/v7e-m+fp/hard\libc_nano.a(lib_a-sbrkr.o)
                0x0000000008008fec                _sbrk_r
 .text.__malloc_lock
                0x000000000800900c        0xc c:/st/stm32cubeide_1.11.2/stm32cubeide/plugins/com.st.stm32cube.ide.mcu.externaltools.gnu-tools-for-stm32.10.3-2021.10.win32_1.0.100.202210260954/tools/bin/../lib/gcc/arm-none-eabi/10.3.1/../../../../arm-none-eabi/lib/thumb/v7e-m+fp/hard\libc_nano.a(lib_a-mlock.o)
                0x000000000800900c                __malloc_lock
 .text.__malloc_unlock
                0x0000000008009018        0xc c:/st/stm32cubeide_1.11.2/stm32cubeide/plugins/com.st.stm32cube.ide.mcu.externaltools.gnu-tools-for-stm32.10.3-2021.10.win32_1.0.100.202210260954/tools/bin/../lib/gcc/arm-none-eabi/10.3.1/../../../../arm-none-eabi/lib/thumb/v7e-m+fp/hard\libc_nano.a(lib_a-mlock.o)
                0x0000000008009018                __malloc_unlock
 .text._malloc_usable_size_r
                0x0000000008009024       0x10 c:/st/stm32cubeide_1.11.2/stm32cubeide/plugins/com.st.stm32cube.ide.mcu.externaltools.gnu-tools-for-stm32.10.3-2021.10.win32_1.0.100.202210260954/tools/bin/../lib/gcc/arm-none-eabi/10.3.1/../../../../arm-none-eabi/lib/thumb/v7e-m+fp/hard\libc_nano.a(lib_a-nano-msizer.o)
                0x0000000008009024                _malloc_usable_size_r
 .text.__retarget_lock_acquire_recursive
                0x0000000008009034        0x2 c:/st/stm32cubeide_1.11.2/stm32cubeide/plugins/com.st.stm32cube.ide.mcu.externaltools.gnu-tools-for-stm32.10.3-2021.10.win32_1.0.100.202210260954/tools/bin/../lib/gcc/arm-none-eabi/10.3.1/../../../../arm-none-eabi/lib/thumb/v7e-m+fp/hard\libc_nano.a(lib_a-lock.o)
                0x0000000008009034                __retarget_lock_acquire_recursive
 .text.__retarget_lock_release_recursive
                0x0000000008009036        0x2 c:/st/stm32cubeide_1.11.2/stm32cubeide/plugins/com.st.stm32cube.ide.mcu.externaltools.gnu-tools-for-stm32.10.3-2021.10.win32_1.0.100.202210260954/tools/bin/../lib/gcc/arm-none-eabi/10.3.1/../../../../arm-none-eabi/lib/thumb/v7e-m+fp/hard\libc_nano.a(lib_a-lock.o)
                0x0000000008009036                __retarget_lock_release_recursive
 *(.glue_7)
 .glue_7        0x0000000008009038        0x0 linker stubs
 *(.glue_7t)
 .glue_7t       0x0000000008009038        0x0 linker stubs
 *(.eh_frame)
 .eh_frame      0x0000000008009038        0x0 c:/st/stm32cubeide_1.11.2/stm32cubeide/plugins/com.st.stm32cube.ide.mcu.externaltools.gnu-tools-for-stm32.10.3-2021.10.win32_1.0.100.202210260954/tools/bin/../lib/gcc/arm-none-eabi/10.3.1/thumb/v7e-m+fp/hard/crtbegin.o
 *(.init)
 .init          0x0000000008009038        0x4 c:/st/stm32cubeide_1.11.2/stm32cubeide/plugins/com.st.stm32cube.ide.mcu.externaltools.gnu-tools-for-stm32.10.3-2021.10.win32_1.0.100.202210260954/tools/bin/../lib/gcc/arm-none-eabi/10.3.1/thumb/v7e-m+fp/hard/crti.o
                0x0000000008009038                _init
 .init          0x000000000800903c        0x8 c:/st/stm32cubeide_1.11.2/stm32cubeide/plugins/com.st.stm32cube.ide.mcu.externaltools.gnu-tools-for-stm32.10.3-2021.10.win32_1.0.100.202210260954/tools/bin/../lib/gcc/arm-none-eabi/10.3.1/thumb/v7e-m+fp/hard/crtn.o
 *(.fini)
 .fini          0x0000000008009044        0x4 c:/st/stm32cubeide_1.11.2/stm32cubeide/plugins/com.st.stm32cube.ide.mcu.externaltools.gnu-tools-for-stm32.10.3-2021.10.win32_1.0.100.202210260954/tools/bin/../lib/gcc/arm-none-eabi/10.3.1/thumb/v7e-m+fp/hard/crti.o
                0x0000000008009044                _fini
 .fini          0x0000000008009048        0x8 c:/st/stm32cubeide_1.11.2/stm32cubeide/plugins/com.st.stm32cube.ide.mcu.externaltools.gnu-tools-for-stm32.10.3-2021.10.win32_1.0.100.202210260954/tools/bin/../lib/gcc/arm-none-eabi/10.3.1/thumb/v7e-m+fp/hard/crtn.o
                0x0000000008009050                . = ALIGN (0x4)
                0x0000000008009050                _etext = .

.vfp11_veneer   0x0000000008009050        0x0
 .vfp11_veneer  0x0000000008009050        0x0 linker stubs

.v4_bx          0x0000000008009050        0x0
 .v4_bx         0x0000000008009050        0x0 linker stubs

.iplt           0x0000000008009050        0x0
 .iplt          0x0000000008009050        0x0 c:/st/stm32cubeide_1.11.2/stm32cubeide/plugins/com.st.stm32cube.ide.mcu.externaltools.gnu-tools-for-stm32.10.3-2021.10.win32_1.0.100.202210260954/tools/bin/../lib/gcc/arm-none-eabi/10.3.1/thumb/v7e-m+fp/hard/crtbegin.o

.rodata         0x0000000008009050      0x5c8
                0x0000000008009050                . = ALIGN (0x4)
 *(.rodata)
 .rodata        0x0000000008009050       0xea ./Core/Src/main.o
 *fill*         0x000000000800913a        0x2 
 .rodata        0x000000000800913c       0x48 ./Middlewares/Third_Party/FatFs/src/ff.o
 *(.rodata*)
 .rodata.AHBPrescTable
                0x0000000008009184       0x10 ./Core/Src/system_stm32f4xx.o
                0x0000000008009184                AHBPrescTable
 .rodata.APBPrescTable
                0x0000000008009194        0x8 ./Core/Src/system_stm32f4xx.o
                0x0000000008009194                APBPrescTable
 .rodata.flagBitshiftOffset.0
                0x000000000800919c        0x8 ./Drivers/STM32F4xx_HAL_Driver/Src/stm32f4xx_hal_dma.o
 .rodata.ExCvt  0x00000000080091a4       0x80 ./Middlewares/Third_Party/FatFs/src/ff.o
 .rodata.LfnOfs
                0x0000000008009224        0xd ./Middlewares/Third_Party/FatFs/src/ff.o
 *fill*         0x0000000008009231        0x3 
 .rodata.Tbl    0x0000000008009234      0x100 ./Middlewares/Third_Party/FatFs/src/option/ccsbcs.o
 .rodata.cvt1.1
                0x0000000008009334      0x1f2 ./Middlewares/Third_Party/FatFs/src/option/ccsbcs.o
 *fill*         0x0000000008009526        0x2 
 .rodata.cvt2.0
                0x0000000008009528       0xbc ./Middlewares/Third_Party/FatFs/src/option/ccsbcs.o
 .rodata._svfprintf_r.str1.1
                0x00000000080095e4       0x11 c:/st/stm32cubeide_1.11.2/stm32cubeide/plugins/com.st.stm32cube.ide.mcu.externaltools.gnu-tools-for-stm32.10.3-2021.10.win32_1.0.100.202210260954/tools/bin/../lib/gcc/arm-none-eabi/10.3.1/../../../../arm-none-eabi/lib/thumb/v7e-m+fp/hard\libc_nano.a(lib_a-nano-svfprintf.o)
 .rodata._printf_i.str1.1
                0x00000000080095f5       0x22 c:/st/stm32cubeide_1.11.2/stm32cubeide/plugins/com.st.stm32cube.ide.mcu.externaltools.gnu-tools-for-stm32.10.3-2021.10.win32_1.0.100.202210260954/tools/bin/../lib/gcc/arm-none-eabi/10.3.1/../../../../arm-none-eabi/lib/thumb/v7e-m+fp/hard\libc_nano.a(lib_a-nano-vfprintf_i.o)
                0x0000000008009618                . = ALIGN (0x4)
 *fill*         0x0000000008009617        0x1 

.ARM.extab      0x0000000008009618        0x0
                0x0000000008009618                . = ALIGN (0x4)
 *(.ARM.extab* .gnu.linkonce.armextab.*)
                0x0000000008009618                . = ALIGN (0x4)

.ARM            0x0000000008009618        0x8
                0x0000000008009618                . = ALIGN (0x4)
                0x0000000008009618                __exidx_start = .
 *(.ARM.exidx*)
 .ARM.exidx     0x0000000008009618        0x8 c:/st/stm32cubeide_1.11.2/stm32cubeide/plugins/com.st.stm32cube.ide.mcu.externaltools.gnu-tools-for-stm32.10.3-2021.10.win32_1.0.100.202210260954/tools/bin/../lib/gcc/arm-none-eabi/10.3.1/thumb/v7e-m+fp/hard\libgcc.a(_udivmoddi4.o)
                0x0000000008009620                __exidx_end = .
                0x0000000008009620                . = ALIGN (0x4)

.rel.dyn        0x0000000008009620        0x0
 .rel.iplt      0x0000000008009620        0x0 c:/st/stm32cubeide_1.11.2/stm32cubeide/plugins/com.st.stm32cube.ide.mcu.externaltools.gnu-tools-for-stm32.10.3-2021.10.win32_1.0.100.202210260954/tools/bin/../lib/gcc/arm-none-eabi/10.3.1/thumb/v7e-m+fp/hard/crtbegin.o

.preinit_array  0x0000000008009620        0x0
                0x0000000008009620                . = ALIGN (0x4)
                0x0000000008009620                PROVIDE (__preinit_array_start = .)
 *(.preinit_array*)
                0x0000000008009620                PROVIDE (__preinit_array_end = .)
                0x0000000008009620                . = ALIGN (0x4)

.init_array     0x0000000008009620        0x4
                0x0000000008009620                . = ALIGN (0x4)
                0x0000000008009620                PROVIDE (__init_array_start = .)
 *(SORT_BY_NAME(.init_array.*))
 *(.init_array*)
 .init_array    0x0000000008009620        0x4 c:/st/stm32cubeide_1.11.2/stm32cubeide/plugins/com.st.stm32cube.ide.mcu.externaltools.gnu-tools-for-stm32.10.3-2021.10.win32_1.0.100.202210260954/tools/bin/../lib/gcc/arm-none-eabi/10.3.1/thumb/v7e-m+fp/hard/crtbegin.o
                0x0000000008009624                PROVIDE (__init_array_end = .)
                0x0000000008009624                . = ALIGN (0x4)

.fini_array     0x0000000008009624        0x4
                0x0000000008009624                . = ALIGN (0x4)
                [!provide]                        PROVIDE (__fini_array_start = .)
 *(SORT_BY_NAME(.fini_array.*))
 *(.fini_array*)
 .fini_array    0x0000000008009624        0x4 c:/st/stm32cubeide_1.11.2/stm32cubeide/plugins/com.st.stm32cube.ide.mcu.externaltools.gnu-tools-for-stm32.10.3-2021.10.win32_1.0.100.202210260954/tools/bin/../lib/gcc/arm-none-eabi/10.3.1/thumb/v7e-m+fp/hard/crtbegin.o
                [!provide]                        PROVIDE (__fini_array_end = .)
                0x0000000008009628                . = ALIGN (0x4)
                0x0000000008009628                _sidata = LOADADDR (.data)

.data           0x0000000020000000       0x88 load address 0x0000000008009628
                0x0000000020000000                . = ALIGN (0x4)
                0x0000000020000000                _sdata = .
 *(.data)
 *(.data*)
 .data.Stat     0x0000000020000000        0x1 ./Core/Src/fatfs_sd.o
 *fill*         0x0000000020000001        0x3 
 .data.SystemCoreClock
                0x0000000020000004        0x4 ./Core/Src/system_stm32f4xx.o
                0x0000000020000004                SystemCoreClock
 .data.uwTickPrio
                0x0000000020000008        0x4 ./Drivers/STM32F4xx_HAL_Driver/Src/stm32f4xx_hal.o
                0x0000000020000008                uwTickPrio
 .data.uwTickFreq
                0x000000002000000c        0x1 ./Drivers/STM32F4xx_HAL_Driver/Src/stm32f4xx_hal.o
                0x000000002000000c                uwTickFreq
 *fill*         0x000000002000000d        0x3 
 .data.USER_Driver
                0x0000000020000010       0x14 ./FATFS/Target/user_diskio.o
                0x0000000020000010                USER_Driver
 .data._impure_ptr
                0x0000000020000024        0x4 c:/st/stm32cubeide_1.11.2/stm32cubeide/plugins/com.st.stm32cube.ide.mcu.externaltools.gnu-tools-for-stm32.10.3-2021.10.win32_1.0.100.202210260954/tools/bin/../lib/gcc/arm-none-eabi/10.3.1/../../../../arm-none-eabi/lib/thumb/v7e-m+fp/hard\libc_nano.a(lib_a-impure.o)
                0x0000000020000024                _impure_ptr
 .data.impure_data
                0x0000000020000028       0x60 c:/st/stm32cubeide_1.11.2/stm32cubeide/plugins/com.st.stm32cube.ide.mcu.externaltools.gnu-tools-for-stm32.10.3-2021.10.win32_1.0.100.202210260954/tools/bin/../lib/gcc/arm-none-eabi/10.3.1/../../../../arm-none-eabi/lib/thumb/v7e-m+fp/hard\libc_nano.a(lib_a-impure.o)
 *(.RamFunc)
 *(.RamFunc*)
                0x0000000020000088                . = ALIGN (0x4)
                0x0000000020000088                _edata = .

.igot.plt       0x0000000020000088        0x0 load address 0x00000000080096b0
 .igot.plt      0x0000000020000088        0x0 c:/st/stm32cubeide_1.11.2/stm32cubeide/plugins/com.st.stm32cube.ide.mcu.externaltools.gnu-tools-for-stm32.10.3-2021.10.win32_1.0.100.202210260954/tools/bin/../lib/gcc/arm-none-eabi/10.3.1/thumb/v7e-m+fp/hard/crtbegin.o
                0x0000000020000088                . = ALIGN (0x4)

.bss            0x0000000020000088     0x6838 load address 0x00000000080096b0
                0x0000000020000088                _sbss = .
                0x0000000020000088                __bss_start__ = _sbss
 *(.bss)
 .bss           0x0000000020000088       0x1c c:/st/stm32cubeide_1.11.2/stm32cubeide/plugins/com.st.stm32cube.ide.mcu.externaltools.gnu-tools-for-stm32.10.3-2021.10.win32_1.0.100.202210260954/tools/bin/../lib/gcc/arm-none-eabi/10.3.1/thumb/v7e-m+fp/hard/crtbegin.o
 *(.bss*)
 .bss.CardType  0x00000000200000a4        0x1 ./Core/Src/fatfs_sd.o
 .bss.PowerFlag
                0x00000000200000a5        0x1 ./Core/Src/fatfs_sd.o
 *fill*         0x00000000200000a6        0x2 
 .bss.hadc1     0x00000000200000a8       0x48 ./Core/Src/main.o
                0x00000000200000a8                hadc1
 .bss.hdma_adc1
                0x00000000200000f0       0x60 ./Core/Src/main.o
                0x00000000200000f0                hdma_adc1
 .bss.hspi1     0x0000000020000150       0x58 ./Core/Src/main.o
                0x0000000020000150                hspi1
 .bss.huart1    0x00000000200001a8       0x44 ./Core/Src/main.o
                0x00000000200001a8                huart1
 .bss.adc_buf   0x00000000200001ec     0x4000 ./Core/Src/main.o
                0x00000000200001ec                adc_buf
 .bss.fs        0x00000000200041ec     0x1038 ./Core/Src/main.o
                0x00000000200041ec                fs
 .bss.fil       0x0000000020005224     0x1030 ./Core/Src/main.o
                0x0000000020005224                fil
 .bss.fresult   0x0000000020006254        0x1 ./Core/Src/main.o
                0x0000000020006254                fresult
 *fill*         0x0000000020006255        0x3 
 .bss.buffer    0x0000000020006258      0x400 ./Core/Src/main.o
                0x0000000020006258                buffer
 .bss.pfs       0x0000000020006658        0x4 ./Core/Src/main.o
                0x0000000020006658                pfs
 .bss.fre_clust
                0x000000002000665c        0x4 ./Core/Src/main.o
                0x000000002000665c                fre_clust
 .bss.total     0x0000000020006660        0x4 ./Core/Src/main.o
                0x0000000020006660                total
 .bss.free_space
                0x0000000020006664        0x4 ./Core/Src/main.o
                0x0000000020006664                free_space
 .bss.FatFsCnt  0x0000000020006668        0x1 ./Core/Src/stm32f4xx_it.o
                0x0000000020006668                FatFsCnt
 .bss.Timer1    0x0000000020006669        0x1 ./Core/Src/stm32f4xx_it.o
                0x0000000020006669                Timer1
 .bss.Timer2    0x000000002000666a        0x1 ./Core/Src/stm32f4xx_it.o
                0x000000002000666a                Timer2
 *fill*         0x000000002000666b        0x1 
 .bss.__sbrk_heap_end
                0x000000002000666c        0x4 ./Core/Src/sysmem.o
 .bss.uwTick    0x0000000020006670        0x4 ./Drivers/STM32F4xx_HAL_Driver/Src/stm32f4xx_hal.o
                0x0000000020006670                uwTick
 .bss.retUSER   0x0000000020006674        0x1 ./FATFS/App/fatfs.o
                0x0000000020006674                retUSER
 *fill*         0x0000000020006675        0x3 
 .bss.USERPath  0x0000000020006678        0x4 ./FATFS/App/fatfs.o
                0x0000000020006678                USERPath
 .bss.FatFs     0x000000002000667c        0x4 ./Middlewares/Third_Party/FatFs/src/ff.o
 .bss.Fsid      0x0000000020006680        0x2 ./Middlewares/Third_Party/FatFs/src/ff.o
 *fill*         0x0000000020006682        0x2 
 .bss.Files     0x0000000020006684       0x20 ./Middlewares/Third_Party/FatFs/src/ff.o
 .bss.LfnBuf    0x00000000200066a4      0x200 ./Middlewares/Third_Party/FatFs/src/ff.o
 .bss.disk      0x00000000200068a4        0xc ./Middlewares/Third_Party/FatFs/src/ff_gen_drv.o
                0x00000000200068a4                disk
 .bss.__malloc_free_list
                0x00000000200068b0        0x4 c:/st/stm32cubeide_1.11.2/stm32cubeide/plugins/com.st.stm32cube.ide.mcu.externaltools.gnu-tools-for-stm32.10.3-2021.10.win32_1.0.100.202210260954/tools/bin/../lib/gcc/arm-none-eabi/10.3.1/../../../../arm-none-eabi/lib/thumb/v7e-m+fp/hard\libc_nano.a(lib_a-nano-mallocr.o)
                0x00000000200068b0                __malloc_free_list
 .bss.__malloc_sbrk_start
                0x00000000200068b4        0x4 c:/st/stm32cubeide_1.11.2/stm32cubeide/plugins/com.st.stm32cube.ide.mcu.externaltools.gnu-tools-for-stm32.10.3-2021.10.win32_1.0.100.202210260954/tools/bin/../lib/gcc/arm-none-eabi/10.3.1/../../../../arm-none-eabi/lib/thumb/v7e-m+fp/hard\libc_nano.a(lib_a-nano-mallocr.o)
                0x00000000200068b4                __malloc_sbrk_start
 .bss.errno     0x00000000200068b8        0x4 c:/st/stm32cubeide_1.11.2/stm32cubeide/plugins/com.st.stm32cube.ide.mcu.externaltools.gnu-tools-for-stm32.10.3-2021.10.win32_1.0.100.202210260954/tools/bin/../lib/gcc/arm-none-eabi/10.3.1/../../../../arm-none-eabi/lib/thumb/v7e-m+fp/hard\libc_nano.a(lib_a-reent.o)
                0x00000000200068b8                errno
 .bss.__lock___malloc_recursive_mutex
                0x00000000200068bc        0x1 c:/st/stm32cubeide_1.11.2/stm32cubeide/plugins/com.st.stm32cube.ide.mcu.externaltools.gnu-tools-for-stm32.10.3-2021.10.win32_1.0.100.202210260954/tools/bin/../lib/gcc/arm-none-eabi/10.3.1/../../../../arm-none-eabi/lib/thumb/v7e-m+fp/hard\libc_nano.a(lib_a-lock.o)
                0x00000000200068bc                __lock___malloc_recursive_mutex
 *(COMMON)
                0x00000000200068c0                . = ALIGN (0x4)
 *fill*         0x00000000200068bd        0x3 
                0x00000000200068c0                _ebss = .
                0x00000000200068c0                __bss_end__ = _ebss

._user_heap_stack
                0x00000000200068c0      0x600 load address 0x00000000080096b0
                0x00000000200068c0                . = ALIGN (0x8)
                [!provide]                        PROVIDE (end = .)
                0x00000000200068c0                PROVIDE (_end = .)
                0x0000000020006ac0                . = (. + _Min_Heap_Size)
 *fill*         0x00000000200068c0      0x200 
                0x0000000020006ec0                . = (. + _Min_Stack_Size)
 *fill*         0x0000000020006ac0      0x400 
                0x0000000020006ec0                . = ALIGN (0x8)

/DISCARD/
 libc.a(*)
 libm.a(*)
 libgcc.a(*)

.ARM.attributes
                0x0000000000000000       0x30
 *(.ARM.attributes)
 .ARM.attributes
                0x0000000000000000       0x1e c:/st/stm32cubeide_1.11.2/stm32cubeide/plugins/com.st.stm32cube.ide.mcu.externaltools.gnu-tools-for-stm32.10.3-2021.10.win32_1.0.100.202210260954/tools/bin/../lib/gcc/arm-none-eabi/10.3.1/thumb/v7e-m+fp/hard/crti.o
 .ARM.attributes
                0x000000000000001e       0x34 c:/st/stm32cubeide_1.11.2/stm32cubeide/plugins/com.st.stm32cube.ide.mcu.externaltools.gnu-tools-for-stm32.10.3-2021.10.win32_1.0.100.202210260954/tools/bin/../lib/gcc/arm-none-eabi/10.3.1/thumb/v7e-m+fp/hard/crtbegin.o
 .ARM.attributes
                0x0000000000000052       0x34 ./Core/Src/fatfs_sd.o
 .ARM.attributes
                0x0000000000000086       0x34 ./Core/Src/main.o
 .ARM.attributes
                0x00000000000000ba       0x34 ./Core/Src/stm32f4xx_hal_msp.o
 .ARM.attributes
                0x00000000000000ee       0x34 ./Core/Src/stm32f4xx_it.o
 .ARM.attributes
                0x0000000000000122       0x34 ./Core/Src/sysmem.o
 .ARM.attributes
                0x0000000000000156       0x34 ./Core/Src/system_stm32f4xx.o
 .ARM.attributes
                0x000000000000018a       0x21 ./Core/Startup/startup_stm32f446retx.o
 .ARM.attributes
                0x00000000000001ab       0x34 ./Drivers/STM32F4xx_HAL_Driver/Src/stm32f4xx_hal.o
 .ARM.attributes
                0x00000000000001df       0x34 ./Drivers/STM32F4xx_HAL_Driver/Src/stm32f4xx_hal_adc.o
 .ARM.attributes
                0x0000000000000213       0x34 ./Drivers/STM32F4xx_HAL_Driver/Src/stm32f4xx_hal_cortex.o
 .ARM.attributes
                0x0000000000000247       0x34 ./Drivers/STM32F4xx_HAL_Driver/Src/stm32f4xx_hal_dma.o
 .ARM.attributes
                0x000000000000027b       0x34 ./Drivers/STM32F4xx_HAL_Driver/Src/stm32f4xx_hal_gpio.o
 .ARM.attributes
                0x00000000000002af       0x34 ./Drivers/STM32F4xx_HAL_Driver/Src/stm32f4xx_hal_pwr_ex.o
 .ARM.attributes
                0x00000000000002e3       0x34 ./Drivers/STM32F4xx_HAL_Driver/Src/stm32f4xx_hal_rcc.o
 .ARM.attributes
                0x0000000000000317       0x34 ./Drivers/STM32F4xx_HAL_Driver/Src/stm32f4xx_hal_rcc_ex.o
 .ARM.attributes
                0x000000000000034b       0x34 ./Drivers/STM32F4xx_HAL_Driver/Src/stm32f4xx_hal_spi.o
 .ARM.attributes
                0x000000000000037f       0x34 ./Drivers/STM32F4xx_HAL_Driver/Src/stm32f4xx_hal_uart.o
 .ARM.attributes
                0x00000000000003b3       0x34 ./FATFS/App/fatfs.o
 .ARM.attributes
                0x00000000000003e7       0x34 ./FATFS/Target/user_diskio.o
 .ARM.attributes
                0x000000000000041b       0x34 ./Middlewares/Third_Party/FatFs/src/diskio.o
 .ARM.attributes
                0x000000000000044f       0x34 ./Middlewares/Third_Party/FatFs/src/ff.o
 .ARM.attributes
                0x0000000000000483       0x34 ./Middlewares/Third_Party/FatFs/src/ff_gen_drv.o
 .ARM.attributes
                0x00000000000004b7       0x34 ./Middlewares/Third_Party/FatFs/src/option/ccsbcs.o
 .ARM.attributes
                0x00000000000004eb       0x34 c:/st/stm32cubeide_1.11.2/stm32cubeide/plugins/com.st.stm32cube.ide.mcu.externaltools.gnu-tools-for-stm32.10.3-2021.10.win32_1.0.100.202210260954/tools/bin/../lib/gcc/arm-none-eabi/10.3.1/../../../../arm-none-eabi/lib/thumb/v7e-m+fp/hard\libc_nano.a(lib_a-errno.o)
 .ARM.attributes
                0x000000000000051f       0x34 c:/st/stm32cubeide_1.11.2/stm32cubeide/plugins/com.st.stm32cube.ide.mcu.externaltools.gnu-tools-for-stm32.10.3-2021.10.win32_1.0.100.202210260954/tools/bin/../lib/gcc/arm-none-eabi/10.3.1/../../../../arm-none-eabi/lib/thumb/v7e-m+fp/hard\libc_nano.a(lib_a-impure.o)
 .ARM.attributes
                0x0000000000000553       0x34 c:/st/stm32cubeide_1.11.2/stm32cubeide/plugins/com.st.stm32cube.ide.mcu.externaltools.gnu-tools-for-stm32.10.3-2021.10.win32_1.0.100.202210260954/tools/bin/../lib/gcc/arm-none-eabi/10.3.1/../../../../arm-none-eabi/lib/thumb/v7e-m+fp/hard\libc_nano.a(lib_a-init.o)
 .ARM.attributes
                0x0000000000000587       0x34 c:/st/stm32cubeide_1.11.2/stm32cubeide/plugins/com.st.stm32cube.ide.mcu.externaltools.gnu-tools-for-stm32.10.3-2021.10.win32_1.0.100.202210260954/tools/bin/../lib/gcc/arm-none-eabi/10.3.1/../../../../arm-none-eabi/lib/thumb/v7e-m+fp/hard\libc_nano.a(lib_a-memset.o)
 .ARM.attributes
                0x00000000000005bb       0x34 c:/st/stm32cubeide_1.11.2/stm32cubeide/plugins/com.st.stm32cube.ide.mcu.externaltools.gnu-tools-for-stm32.10.3-2021.10.win32_1.0.100.202210260954/tools/bin/../lib/gcc/arm-none-eabi/10.3.1/../../../../arm-none-eabi/lib/thumb/v7e-m+fp/hard\libc_nano.a(lib_a-sprintf.o)
 .ARM.attributes
                0x00000000000005ef       0x17 c:/st/stm32cubeide_1.11.2/stm32cubeide/plugins/com.st.stm32cube.ide.mcu.externaltools.gnu-tools-for-stm32.10.3-2021.10.win32_1.0.100.202210260954/tools/bin/../lib/gcc/arm-none-eabi/10.3.1/../../../../arm-none-eabi/lib/thumb/v7e-m+fp/hard\libc_nano.a(lib_a-strlen.o)
 .ARM.attributes
                0x0000000000000606       0x34 c:/st/stm32cubeide_1.11.2/stm32cubeide/plugins/com.st.stm32cube.ide.mcu.externaltools.gnu-tools-for-stm32.10.3-2021.10.win32_1.0.100.202210260954/tools/bin/../lib/gcc/arm-none-eabi/10.3.1/../../../../arm-none-eabi/lib/thumb/v7e-m+fp/hard\libc_nano.a(lib_a-nano-svfprintf.o)
 .ARM.attributes
                0x000000000000063a       0x34 c:/st/stm32cubeide_1.11.2/stm32cubeide/plugins/com.st.stm32cube.ide.mcu.externaltools.gnu-tools-for-stm32.10.3-2021.10.win32_1.0.100.202210260954/tools/bin/../lib/gcc/arm-none-eabi/10.3.1/../../../../arm-none-eabi/lib/thumb/v7e-m+fp/hard\libc_nano.a(lib_a-nano-vfprintf_i.o)
 .ARM.attributes
                0x000000000000066e       0x1c c:/st/stm32cubeide_1.11.2/stm32cubeide/plugins/com.st.stm32cube.ide.mcu.externaltools.gnu-tools-for-stm32.10.3-2021.10.win32_1.0.100.202210260954/tools/bin/../lib/gcc/arm-none-eabi/10.3.1/../../../../arm-none-eabi/lib/thumb/v7e-m+fp/hard\libc_nano.a(lib_a-memchr.o)
 .ARM.attributes
                0x000000000000068a       0x34 c:/st/stm32cubeide_1.11.2/stm32cubeide/plugins/com.st.stm32cube.ide.mcu.externaltools.gnu-tools-for-stm32.10.3-2021.10.win32_1.0.100.202210260954/tools/bin/../lib/gcc/arm-none-eabi/10.3.1/../../../../arm-none-eabi/lib/thumb/v7e-m+fp/hard\libc_nano.a(lib_a-memcpy-stub.o)
 .ARM.attributes
                0x00000000000006be       0x34 c:/st/stm32cubeide_1.11.2/stm32cubeide/plugins/com.st.stm32cube.ide.mcu.externaltools.gnu-tools-for-stm32.10.3-2021.10.win32_1.0.100.202210260954/tools/bin/../lib/gcc/arm-none-eabi/10.3.1/../../../../arm-none-eabi/lib/thumb/v7e-m+fp/hard\libc_nano.a(lib_a-memmove.o)
 .ARM.attributes
                0x00000000000006f2       0x34 c:/st/stm32cubeide_1.11.2/stm32cubeide/plugins/com.st.stm32cube.ide.mcu.externaltools.gnu-tools-for-stm32.10.3-2021.10.win32_1.0.100.202210260954/tools/bin/../lib/gcc/arm-none-eabi/10.3.1/../../../../arm-none-eabi/lib/thumb/v7e-m+fp/hard\libc_nano.a(lib_a-nano-freer.o)
 .ARM.attributes
                0x0000000000000726       0x34 c:/st/stm32cubeide_1.11.2/stm32cubeide/plugins/com.st.stm32cube.ide.mcu.externaltools.gnu-tools-for-stm32.10.3-2021.10.win32_1.0.100.202210260954/tools/bin/../lib/gcc/arm-none-eabi/10.3.1/../../../../arm-none-eabi/lib/thumb/v7e-m+fp/hard\libc_nano.a(lib_a-nano-mallocr.o)
 .ARM.attributes
                0x000000000000075a       0x34 c:/st/stm32cubeide_1.11.2/stm32cubeide/plugins/com.st.stm32cube.ide.mcu.externaltools.gnu-tools-for-stm32.10.3-2021.10.win32_1.0.100.202210260954/tools/bin/../lib/gcc/arm-none-eabi/10.3.1/../../../../arm-none-eabi/lib/thumb/v7e-m+fp/hard\libc_nano.a(lib_a-nano-reallocr.o)
 .ARM.attributes
                0x000000000000078e       0x34 c:/st/stm32cubeide_1.11.2/stm32cubeide/plugins/com.st.stm32cube.ide.mcu.externaltools.gnu-tools-for-stm32.10.3-2021.10.win32_1.0.100.202210260954/tools/bin/../lib/gcc/arm-none-eabi/10.3.1/../../../../arm-none-eabi/lib/thumb/v7e-m+fp/hard\libc_nano.a(lib_a-sbrkr.o)
 .ARM.attributes
                0x00000000000007c2       0x34 c:/st/stm32cubeide_1.11.2/stm32cubeide/plugins/com.st.stm32cube.ide.mcu.externaltools.gnu-tools-for-stm32.10.3-2021.10.win32_1.0.100.202210260954/tools/bin/../lib/gcc/arm-none-eabi/10.3.1/../../../../arm-none-eabi/lib/thumb/v7e-m+fp/hard\libc_nano.a(lib_a-mlock.o)
 .ARM.attributes
                0x00000000000007f6       0x34 c:/st/stm32cubeide_1.11.2/stm32cubeide/plugins/com.st.stm32cube.ide.mcu.externaltools.gnu-tools-for-stm32.10.3-2021.10.win32_1.0.100.202210260954/tools/bin/../lib/gcc/arm-none-eabi/10.3.1/../../../../arm-none-eabi/lib/thumb/v7e-m+fp/hard\libc_nano.a(lib_a-nano-msizer.o)
 .ARM.attributes
                0x000000000000082a       0x34 c:/st/stm32cubeide_1.11.2/stm32cubeide/plugins/com.st.stm32cube.ide.mcu.externaltools.gnu-tools-for-stm32.10.3-2021.10.win32_1.0.100.202210260954/tools/bin/../lib/gcc/arm-none-eabi/10.3.1/../../../../arm-none-eabi/lib/thumb/v7e-m+fp/hard\libc_nano.a(lib_a-reent.o)
 .ARM.attributes
                0x000000000000085e       0x34 c:/st/stm32cubeide_1.11.2/stm32cubeide/plugins/com.st.stm32cube.ide.mcu.externaltools.gnu-tools-for-stm32.10.3-2021.10.win32_1.0.100.202210260954/tools/bin/../lib/gcc/arm-none-eabi/10.3.1/../../../../arm-none-eabi/lib/thumb/v7e-m+fp/hard\libc_nano.a(lib_a-lock.o)
 .ARM.attributes
                0x0000000000000892       0x1e c:/st/stm32cubeide_1.11.2/stm32cubeide/plugins/com.st.stm32cube.ide.mcu.externaltools.gnu-tools-for-stm32.10.3-2021.10.win32_1.0.100.202210260954/tools/bin/../lib/gcc/arm-none-eabi/10.3.1/thumb/v7e-m+fp/hard\libgcc.a(_arm_muldf3.o)
 .ARM.attributes
                0x00000000000008b0       0x1e c:/st/stm32cubeide_1.11.2/stm32cubeide/plugins/com.st.stm32cube.ide.mcu.externaltools.gnu-tools-for-stm32.10.3-2021.10.win32_1.0.100.202210260954/tools/bin/../lib/gcc/arm-none-eabi/10.3.1/thumb/v7e-m+fp/hard\libgcc.a(_arm_addsubdf3.o)
 .ARM.attributes
                0x00000000000008ce       0x1e c:/st/stm32cubeide_1.11.2/stm32cubeide/plugins/com.st.stm32cube.ide.mcu.externaltools.gnu-tools-for-stm32.10.3-2021.10.win32_1.0.100.202210260954/tools/bin/../lib/gcc/arm-none-eabi/10.3.1/thumb/v7e-m+fp/hard\libgcc.a(_arm_fixunsdfsi.o)
 .ARM.attributes
                0x00000000000008ec       0x1e c:/st/stm32cubeide_1.11.2/stm32cubeide/plugins/com.st.stm32cube.ide.mcu.externaltools.gnu-tools-for-stm32.10.3-2021.10.win32_1.0.100.202210260954/tools/bin/../lib/gcc/arm-none-eabi/10.3.1/thumb/v7e-m+fp/hard\libgcc.a(_aeabi_uldivmod.o)
 .ARM.attributes
                0x000000000000090a       0x34 c:/st/stm32cubeide_1.11.2/stm32cubeide/plugins/com.st.stm32cube.ide.mcu.externaltools.gnu-tools-for-stm32.10.3-2021.10.win32_1.0.100.202210260954/tools/bin/../lib/gcc/arm-none-eabi/10.3.1/thumb/v7e-m+fp/hard\libgcc.a(_udivmoddi4.o)
 .ARM.attributes
                0x000000000000093e       0x1e c:/st/stm32cubeide_1.11.2/stm32cubeide/plugins/com.st.stm32cube.ide.mcu.externaltools.gnu-tools-for-stm32.10.3-2021.10.win32_1.0.100.202210260954/tools/bin/../lib/gcc/arm-none-eabi/10.3.1/thumb/v7e-m+fp/hard\libgcc.a(_dvmd_tls.o)
 .ARM.attributes
                0x000000000000095c       0x1e c:/st/stm32cubeide_1.11.2/stm32cubeide/plugins/com.st.stm32cube.ide.mcu.externaltools.gnu-tools-for-stm32.10.3-2021.10.win32_1.0.100.202210260954/tools/bin/../lib/gcc/arm-none-eabi/10.3.1/thumb/v7e-m+fp/hard/crtn.o
OUTPUT(bare-nucleo-f446re-capstone.elf elf32-littlearm)
LOAD linker stubs
LOAD c:/st/stm32cubeide_1.11.2/stm32cubeide/plugins/com.st.stm32cube.ide.mcu.externaltools.gnu-tools-for-stm32.10.3-2021.10.win32_1.0.100.202210260954/tools/bin/../lib/gcc/arm-none-eabi/10.3.1/../../../../arm-none-eabi/lib/thumb/v7e-m+fp/hard\libc.a
LOAD c:/st/stm32cubeide_1.11.2/stm32cubeide/plugins/com.st.stm32cube.ide.mcu.externaltools.gnu-tools-for-stm32.10.3-2021.10.win32_1.0.100.202210260954/tools/bin/../lib/gcc/arm-none-eabi/10.3.1/../../../../arm-none-eabi/lib/thumb/v7e-m+fp/hard\libm.a
LOAD c:/st/stm32cubeide_1.11.2/stm32cubeide/plugins/com.st.stm32cube.ide.mcu.externaltools.gnu-tools-for-stm32.10.3-2021.10.win32_1.0.100.202210260954/tools/bin/../lib/gcc/arm-none-eabi/10.3.1/thumb/v7e-m+fp/hard\libgcc.a

.debug_info     0x0000000000000000    0x11913
 .debug_info    0x0000000000000000      0xcd2 ./Core/Src/fatfs_sd.o
 .debug_info    0x0000000000000cd2     0x1b93 ./Core/Src/main.o
 .debug_info    0x0000000000002865     0x1068 ./Core/Src/stm32f4xx_hal_msp.o
 .debug_info    0x00000000000038cd      0x451 ./Core/Src/stm32f4xx_it.o
 .debug_info    0x0000000000003d1e      0x171 ./Core/Src/sysmem.o
 .debug_info    0x0000000000003e8f      0x55b ./Core/Src/system_stm32f4xx.o
 .debug_info    0x00000000000043ea       0x22 ./Core/Startup/startup_stm32f446retx.o
 .debug_info    0x000000000000440c      0x9d2 ./Drivers/STM32F4xx_HAL_Driver/Src/stm32f4xx_hal.o
 .debug_info    0x0000000000004dde      0xd70 ./Drivers/STM32F4xx_HAL_Driver/Src/stm32f4xx_hal_adc.o
 .debug_info    0x0000000000005b4e      0xe39 ./Drivers/STM32F4xx_HAL_Driver/Src/stm32f4xx_hal_cortex.o
 .debug_info    0x0000000000006987      0x94f ./Drivers/STM32F4xx_HAL_Driver/Src/stm32f4xx_hal_dma.o
 .debug_info    0x00000000000072d6      0x7be ./Drivers/STM32F4xx_HAL_Driver/Src/stm32f4xx_hal_gpio.o
 .debug_info    0x0000000000007a94      0x702 ./Drivers/STM32F4xx_HAL_Driver/Src/stm32f4xx_hal_pwr_ex.o
 .debug_info    0x0000000000008196      0x9ab ./Drivers/STM32F4xx_HAL_Driver/Src/stm32f4xx_hal_rcc.o
 .debug_info    0x0000000000008b41      0x9ec ./Drivers/STM32F4xx_HAL_Driver/Src/stm32f4xx_hal_rcc_ex.o
 .debug_info    0x000000000000952d     0x1758 ./Drivers/STM32F4xx_HAL_Driver/Src/stm32f4xx_hal_spi.o
 .debug_info    0x000000000000ac85     0x31bc ./Drivers/STM32F4xx_HAL_Driver/Src/stm32f4xx_hal_uart.o
 .debug_info    0x000000000000de41      0x526 ./FATFS/App/fatfs.o
 .debug_info    0x000000000000e367      0x3dc ./FATFS/Target/user_diskio.o
 .debug_info    0x000000000000e743      0x412 ./Middlewares/Third_Party/FatFs/src/diskio.o
 .debug_info    0x000000000000eb55     0x284f ./Middlewares/Third_Party/FatFs/src/ff.o
 .debug_info    0x00000000000113a4      0x3a9 ./Middlewares/Third_Party/FatFs/src/ff_gen_drv.o
 .debug_info    0x000000000001174d      0x1c6 ./Middlewares/Third_Party/FatFs/src/option/ccsbcs.o

.debug_abbrev   0x0000000000000000     0x2c4d
 .debug_abbrev  0x0000000000000000      0x2c4 ./Core/Src/fatfs_sd.o
 .debug_abbrev  0x00000000000002c4      0x3a9 ./Core/Src/main.o
 .debug_abbrev  0x000000000000066d      0x22b ./Core/Src/stm32f4xx_hal_msp.o
 .debug_abbrev  0x0000000000000898      0x172 ./Core/Src/stm32f4xx_it.o
 .debug_abbrev  0x0000000000000a0a       0xbb ./Core/Src/sysmem.o
 .debug_abbrev  0x0000000000000ac5      0x116 ./Core/Src/system_stm32f4xx.o
 .debug_abbrev  0x0000000000000bdb       0x12 ./Core/Startup/startup_stm32f446retx.o
 .debug_abbrev  0x0000000000000bed      0x20d ./Drivers/STM32F4xx_HAL_Driver/Src/stm32f4xx_hal.o
 .debug_abbrev  0x0000000000000dfa      0x244 ./Drivers/STM32F4xx_HAL_Driver/Src/stm32f4xx_hal_adc.o
 .debug_abbrev  0x000000000000103e      0x316 ./Drivers/STM32F4xx_HAL_Driver/Src/stm32f4xx_hal_cortex.o
 .debug_abbrev  0x0000000000001354      0x25b ./Drivers/STM32F4xx_HAL_Driver/Src/stm32f4xx_hal_dma.o
 .debug_abbrev  0x00000000000015af      0x1c4 ./Drivers/STM32F4xx_HAL_Driver/Src/stm32f4xx_hal_gpio.o
 .debug_abbrev  0x0000000000001773      0x1c9 ./Drivers/STM32F4xx_HAL_Driver/Src/stm32f4xx_hal_pwr_ex.o
 .debug_abbrev  0x000000000000193c      0x2aa ./Drivers/STM32F4xx_HAL_Driver/Src/stm32f4xx_hal_rcc.o
 .debug_abbrev  0x0000000000001be6      0x1fb ./Drivers/STM32F4xx_HAL_Driver/Src/stm32f4xx_hal_rcc_ex.o
 .debug_abbrev  0x0000000000001de1      0x26e ./Drivers/STM32F4xx_HAL_Driver/Src/stm32f4xx_hal_spi.o
 .debug_abbrev  0x000000000000204f      0x2f4 ./Drivers/STM32F4xx_HAL_Driver/Src/stm32f4xx_hal_uart.o
 .debug_abbrev  0x0000000000002343      0x15a ./FATFS/App/fatfs.o
 .debug_abbrev  0x000000000000249d      0x155 ./FATFS/Target/user_diskio.o
 .debug_abbrev  0x00000000000025f2      0x178 ./Middlewares/Third_Party/FatFs/src/diskio.o
 .debug_abbrev  0x000000000000276a      0x271 ./Middlewares/Third_Party/FatFs/src/ff.o
 .debug_abbrev  0x00000000000029db      0x196 ./Middlewares/Third_Party/FatFs/src/ff_gen_drv.o
 .debug_abbrev  0x0000000000002b71       0xdc ./Middlewares/Third_Party/FatFs/src/option/ccsbcs.o

.debug_aranges  0x0000000000000000      0xea8
 .debug_aranges
                0x0000000000000000       0xa8 ./Core/Src/fatfs_sd.o
 .debug_aranges
                0x00000000000000a8       0x80 ./Core/Src/main.o
 .debug_aranges
                0x0000000000000128       0x50 ./Core/Src/stm32f4xx_hal_msp.o
 .debug_aranges
                0x0000000000000178       0x70 ./Core/Src/stm32f4xx_it.o
 .debug_aranges
                0x00000000000001e8       0x20 ./Core/Src/sysmem.o
 .debug_aranges
                0x0000000000000208       0x28 ./Core/Src/system_stm32f4xx.o
 .debug_aranges
                0x0000000000000230       0x28 ./Core/Startup/startup_stm32f446retx.o
 .debug_aranges
                0x0000000000000258       0xf0 ./Drivers/STM32F4xx_HAL_Driver/Src/stm32f4xx_hal.o
 .debug_aranges
                0x0000000000000348       0xe8 ./Drivers/STM32F4xx_HAL_Driver/Src/stm32f4xx_hal_adc.o
 .debug_aranges
                0x0000000000000430      0x118 ./Drivers/STM32F4xx_HAL_Driver/Src/stm32f4xx_hal_cortex.o
 .debug_aranges
                0x0000000000000548       0x90 ./Drivers/STM32F4xx_HAL_Driver/Src/stm32f4xx_hal_dma.o
 .debug_aranges
                0x00000000000005d8       0x58 ./Drivers/STM32F4xx_HAL_Driver/Src/stm32f4xx_hal_gpio.o
 .debug_aranges
                0x0000000000000630       0x60 ./Drivers/STM32F4xx_HAL_Driver/Src/stm32f4xx_hal_pwr_ex.o
 .debug_aranges
                0x0000000000000690       0x88 ./Drivers/STM32F4xx_HAL_Driver/Src/stm32f4xx_hal_rcc.o
 .debug_aranges
                0x0000000000000718       0x78 ./Drivers/STM32F4xx_HAL_Driver/Src/stm32f4xx_hal_rcc_ex.o
 .debug_aranges
                0x0000000000000790      0x1d0 ./Drivers/STM32F4xx_HAL_Driver/Src/stm32f4xx_hal_spi.o
 .debug_aranges
                0x0000000000000960      0x200 ./Drivers/STM32F4xx_HAL_Driver/Src/stm32f4xx_hal_uart.o
 .debug_aranges
                0x0000000000000b60       0x28 ./FATFS/App/fatfs.o
 .debug_aranges
                0x0000000000000b88       0x40 ./FATFS/Target/user_diskio.o
 .debug_aranges
                0x0000000000000bc8       0x48 ./Middlewares/Third_Party/FatFs/src/diskio.o
 .debug_aranges
                0x0000000000000c10      0x230 ./Middlewares/Third_Party/FatFs/src/ff.o
 .debug_aranges
                0x0000000000000e40       0x40 ./Middlewares/Third_Party/FatFs/src/ff_gen_drv.o
 .debug_aranges
                0x0000000000000e80       0x28 ./Middlewares/Third_Party/FatFs/src/option/ccsbcs.o

.debug_ranges   0x0000000000000000      0xd70
 .debug_ranges  0x0000000000000000       0x98 ./Core/Src/fatfs_sd.o
 .debug_ranges  0x0000000000000098       0x70 ./Core/Src/main.o
 .debug_ranges  0x0000000000000108       0x40 ./Core/Src/stm32f4xx_hal_msp.o
 .debug_ranges  0x0000000000000148       0x60 ./Core/Src/stm32f4xx_it.o
 .debug_ranges  0x00000000000001a8       0x10 ./Core/Src/sysmem.o
 .debug_ranges  0x00000000000001b8       0x18 ./Core/Src/system_stm32f4xx.o
 .debug_ranges  0x00000000000001d0       0x20 ./Core/Startup/startup_stm32f446retx.o
 .debug_ranges  0x00000000000001f0       0xe0 ./Drivers/STM32F4xx_HAL_Driver/Src/stm32f4xx_hal.o
 .debug_ranges  0x00000000000002d0       0xd8 ./Drivers/STM32F4xx_HAL_Driver/Src/stm32f4xx_hal_adc.o
 .debug_ranges  0x00000000000003a8      0x108 ./Drivers/STM32F4xx_HAL_Driver/Src/stm32f4xx_hal_cortex.o
 .debug_ranges  0x00000000000004b0       0x80 ./Drivers/STM32F4xx_HAL_Driver/Src/stm32f4xx_hal_dma.o
 .debug_ranges  0x0000000000000530       0x48 ./Drivers/STM32F4xx_HAL_Driver/Src/stm32f4xx_hal_gpio.o
 .debug_ranges  0x0000000000000578       0x50 ./Drivers/STM32F4xx_HAL_Driver/Src/stm32f4xx_hal_pwr_ex.o
 .debug_ranges  0x00000000000005c8       0x78 ./Drivers/STM32F4xx_HAL_Driver/Src/stm32f4xx_hal_rcc.o
 .debug_ranges  0x0000000000000640       0x68 ./Drivers/STM32F4xx_HAL_Driver/Src/stm32f4xx_hal_rcc_ex.o
 .debug_ranges  0x00000000000006a8      0x1c0 ./Drivers/STM32F4xx_HAL_Driver/Src/stm32f4xx_hal_spi.o
 .debug_ranges  0x0000000000000868      0x220 ./Drivers/STM32F4xx_HAL_Driver/Src/stm32f4xx_hal_uart.o
 .debug_ranges  0x0000000000000a88       0x18 ./FATFS/App/fatfs.o
 .debug_ranges  0x0000000000000aa0       0x30 ./FATFS/Target/user_diskio.o
 .debug_ranges  0x0000000000000ad0       0x38 ./Middlewares/Third_Party/FatFs/src/diskio.o
 .debug_ranges  0x0000000000000b08      0x220 ./Middlewares/Third_Party/FatFs/src/ff.o
 .debug_ranges  0x0000000000000d28       0x30 ./Middlewares/Third_Party/FatFs/src/ff_gen_drv.o
 .debug_ranges  0x0000000000000d58       0x18 ./Middlewares/Third_Party/FatFs/src/option/ccsbcs.o

.debug_macro    0x0000000000000000    0x24cd0
 .debug_macro   0x0000000000000000      0x22b ./Core/Src/fatfs_sd.o
 .debug_macro   0x000000000000022b      0xa78 ./Core/Src/fatfs_sd.o
 .debug_macro   0x0000000000000ca3      0x2a1 ./Core/Src/fatfs_sd.o
 .debug_macro   0x0000000000000f44       0x2e ./Core/Src/fatfs_sd.o
 .debug_macro   0x0000000000000f72       0x28 ./Core/Src/fatfs_sd.o
 .debug_macro   0x0000000000000f9a       0x22 ./Core/Src/fatfs_sd.o
 .debug_macro   0x0000000000000fbc       0x8e ./Core/Src/fatfs_sd.o
 .debug_macro   0x000000000000104a       0x51 ./Core/Src/fatfs_sd.o
 .debug_macro   0x000000000000109b      0x103 ./Core/Src/fatfs_sd.o
 .debug_macro   0x000000000000119e       0x6a ./Core/Src/fatfs_sd.o
 .debug_macro   0x0000000000001208      0x1df ./Core/Src/fatfs_sd.o
 .debug_macro   0x00000000000013e7       0x1c ./Core/Src/fatfs_sd.o
 .debug_macro   0x0000000000001403       0x22 ./Core/Src/fatfs_sd.o
 .debug_macro   0x0000000000001425       0xd9 ./Core/Src/fatfs_sd.o
 .debug_macro   0x00000000000014fe     0x102d ./Core/Src/fatfs_sd.o
 .debug_macro   0x000000000000252b      0x11f ./Core/Src/fatfs_sd.o
 .debug_macro   0x000000000000264a    0x16749 ./Core/Src/fatfs_sd.o
 .debug_macro   0x0000000000018d93       0x6d ./Core/Src/fatfs_sd.o
 .debug_macro   0x0000000000018e00     0x367e ./Core/Src/fatfs_sd.o
 .debug_macro   0x000000000001c47e      0x174 ./Core/Src/fatfs_sd.o
 .debug_macro   0x000000000001c5f2       0x5c ./Core/Src/fatfs_sd.o
 .debug_macro   0x000000000001c64e      0xc90 ./Core/Src/fatfs_sd.o
 .debug_macro   0x000000000001d2de      0x9fe ./Core/Src/fatfs_sd.o
 .debug_macro   0x000000000001dcdc      0x115 ./Core/Src/fatfs_sd.o
 .debug_macro   0x000000000001ddf1      0x1a0 ./Core/Src/fatfs_sd.o
 .debug_macro   0x000000000001df91       0xa5 ./Core/Src/fatfs_sd.o
 .debug_macro   0x000000000001e036      0x16d ./Core/Src/fatfs_sd.o
 .debug_macro   0x000000000001e1a3      0x287 ./Core/Src/fatfs_sd.o
 .debug_macro   0x000000000001e42a       0x5f ./Core/Src/fatfs_sd.o
 .debug_macro   0x000000000001e489      0x236 ./Core/Src/fatfs_sd.o
 .debug_macro   0x000000000001e6bf      0xb5b ./Core/Src/fatfs_sd.o
 .debug_macro   0x000000000001f21a      0x38b ./Core/Src/fatfs_sd.o
 .debug_macro   0x000000000001f5a5      0x17d ./Core/Src/fatfs_sd.o
 .debug_macro   0x000000000001f722       0xf9 ./Core/Src/fatfs_sd.o
 .debug_macro   0x000000000001f81b      0x132 ./Core/Src/fatfs_sd.o
 .debug_macro   0x000000000001f94d      0x29c ./Core/Src/fatfs_sd.o
 .debug_macro   0x000000000001fbe9       0x2e ./Core/Src/fatfs_sd.o
 .debug_macro   0x000000000001fc17      0x11a ./Core/Src/fatfs_sd.o
 .debug_macro   0x000000000001fd31       0xe8 ./Core/Src/fatfs_sd.o
 .debug_macro   0x000000000001fe19       0x89 ./Core/Src/fatfs_sd.o
 .debug_macro   0x000000000001fea2      0x225 ./Core/Src/fatfs_sd.o
 .debug_macro   0x00000000000200c7      0x295 ./Core/Src/fatfs_sd.o
 .debug_macro   0x000000000002035c      0x126 ./Core/Src/fatfs_sd.o
 .debug_macro   0x0000000000020482       0x16 ./Core/Src/fatfs_sd.o
 .debug_macro   0x0000000000020498       0x7c ./Core/Src/fatfs_sd.o
 .debug_macro   0x0000000000020514       0x9a ./Core/Src/fatfs_sd.o
 .debug_macro   0x00000000000205ae      0x41a ./Core/Src/main.o
 .debug_macro   0x00000000000209c8       0x10 ./Core/Src/main.o
 .debug_macro   0x00000000000209d8       0xeb ./Core/Src/main.o
 .debug_macro   0x0000000000020ac3       0x1e ./Core/Src/main.o
 .debug_macro   0x0000000000020ae1       0x52 ./Core/Src/main.o
 .debug_macro   0x0000000000020b33       0x3c ./Core/Src/main.o
 .debug_macro   0x0000000000020b6f       0x34 ./Core/Src/main.o
 .debug_macro   0x0000000000020ba3       0x16 ./Core/Src/main.o
 .debug_macro   0x0000000000020bb9       0x35 ./Core/Src/main.o
 .debug_macro   0x0000000000020bee       0x16 ./Core/Src/main.o
 .debug_macro   0x0000000000020c04       0x43 ./Core/Src/main.o
 .debug_macro   0x0000000000020c47       0x34 ./Core/Src/main.o
 .debug_macro   0x0000000000020c7b       0x10 ./Core/Src/main.o
 .debug_macro   0x0000000000020c8b       0x58 ./Core/Src/main.o
 .debug_macro   0x0000000000020ce3       0x71 ./Core/Src/main.o
 .debug_macro   0x0000000000020d54       0x1c ./Core/Src/main.o
 .debug_macro   0x0000000000020d70      0x12a ./Core/Src/main.o
 .debug_macro   0x0000000000020e9a      0x341 ./Core/Src/main.o
 .debug_macro   0x00000000000211db       0x16 ./Core/Src/main.o
 .debug_macro   0x00000000000211f1       0x29 ./Core/Src/main.o
 .debug_macro   0x000000000002121a       0x12 ./Core/Src/main.o
 .debug_macro   0x000000000002122c       0xe2 ./Core/Src/main.o
 .debug_macro   0x000000000002130e       0x8e ./Core/Src/main.o
 .debug_macro   0x000000000002139c       0x16 ./Core/Src/main.o
 .debug_macro   0x00000000000213b2       0x20 ./Core/Src/main.o
 .debug_macro   0x00000000000213d2       0x1c ./Core/Src/main.o
 .debug_macro   0x00000000000213ee       0x10 ./Core/Src/main.o
 .debug_macro   0x00000000000213fe       0x10 ./Core/Src/main.o
 .debug_macro   0x000000000002140e       0x1c ./Core/Src/main.o
 .debug_macro   0x000000000002142a       0x52 ./Core/Src/main.o
 .debug_macro   0x000000000002147c       0x22 ./Core/Src/main.o
 .debug_macro   0x000000000002149e       0x10 ./Core/Src/main.o
 .debug_macro   0x00000000000214ae       0x52 ./Core/Src/main.o
 .debug_macro   0x0000000000021500       0xd5 ./Core/Src/main.o
 .debug_macro   0x00000000000215d5       0x1c ./Core/Src/main.o
 .debug_macro   0x00000000000215f1       0x3d ./Core/Src/main.o
 .debug_macro   0x000000000002162e       0x16 ./Core/Src/main.o
 .debug_macro   0x0000000000021644      0x145 ./Core/Src/main.o
 .debug_macro   0x0000000000021789      0x1fb ./Core/Src/stm32f4xx_hal_msp.o
 .debug_macro   0x0000000000021984      0x205 ./Core/Src/stm32f4xx_it.o
 .debug_macro   0x0000000000021b89       0xff ./Core/Src/sysmem.o
 .debug_macro   0x0000000000021c88      0x23b ./Core/Src/sysmem.o
 .debug_macro   0x0000000000021ec3      0x1ec ./Core/Src/system_stm32f4xx.o
 .debug_macro   0x00000000000220af      0x24c ./Drivers/STM32F4xx_HAL_Driver/Src/stm32f4xx_hal.o
 .debug_macro   0x00000000000222fb      0x1ed ./Drivers/STM32F4xx_HAL_Driver/Src/stm32f4xx_hal_adc.o
 .debug_macro   0x00000000000224e8      0x1ec ./Drivers/STM32F4xx_HAL_Driver/Src/stm32f4xx_hal_cortex.o
 .debug_macro   0x00000000000226d4      0x1f2 ./Drivers/STM32F4xx_HAL_Driver/Src/stm32f4xx_hal_dma.o
 .debug_macro   0x00000000000228c6      0x1f2 ./Drivers/STM32F4xx_HAL_Driver/Src/stm32f4xx_hal_gpio.o
 .debug_macro   0x0000000000022ab8      0x204 ./Drivers/STM32F4xx_HAL_Driver/Src/stm32f4xx_hal_pwr_ex.o
 .debug_macro   0x0000000000022cbc      0x210 ./Drivers/STM32F4xx_HAL_Driver/Src/stm32f4xx_hal_rcc.o
 .debug_macro   0x0000000000022ecc      0x1ec ./Drivers/STM32F4xx_HAL_Driver/Src/stm32f4xx_hal_rcc_ex.o
 .debug_macro   0x00000000000230b8      0x1fb ./Drivers/STM32F4xx_HAL_Driver/Src/stm32f4xx_hal_spi.o
 .debug_macro   0x00000000000232b3      0x1ed ./Drivers/STM32F4xx_HAL_Driver/Src/stm32f4xx_hal_uart.o
 .debug_macro   0x00000000000234a0      0x320 ./FATFS/App/fatfs.o
 .debug_macro   0x00000000000237c0       0xe5 ./FATFS/App/fatfs.o
 .debug_macro   0x00000000000238a5      0x33d ./FATFS/Target/user_diskio.o
 .debug_macro   0x0000000000023be2       0x10 ./FATFS/Target/user_diskio.o
 .debug_macro   0x0000000000023bf2       0x56 ./FATFS/Target/user_diskio.o
 .debug_macro   0x0000000000023c48      0x30d ./Middlewares/Third_Party/FatFs/src/diskio.o
 .debug_macro   0x0000000000023f55      0x71b ./Middlewares/Third_Party/FatFs/src/ff.o
 .debug_macro   0x0000000000024670       0x58 ./Middlewares/Third_Party/FatFs/src/ff.o
 .debug_macro   0x00000000000246c8      0x30d ./Middlewares/Third_Party/FatFs/src/ff_gen_drv.o
 .debug_macro   0x00000000000249d5      0x2fb ./Middlewares/Third_Party/FatFs/src/option/ccsbcs.o

.debug_line     0x0000000000000000    0x1573f
 .debug_line    0x0000000000000000      0xe06 ./Core/Src/fatfs_sd.o
 .debug_line    0x0000000000000e06      0xc84 ./Core/Src/main.o
 .debug_line    0x0000000000001a8a      0x80e ./Core/Src/stm32f4xx_hal_msp.o
 .debug_line    0x0000000000002298      0x7fe ./Core/Src/stm32f4xx_it.o
 .debug_line    0x0000000000002a96      0x4f4 ./Core/Src/sysmem.o
 .debug_line    0x0000000000002f8a      0x772 ./Core/Src/system_stm32f4xx.o
 .debug_line    0x00000000000036fc       0x88 ./Core/Startup/startup_stm32f446retx.o
 .debug_line    0x0000000000003784      0x9d8 ./Drivers/STM32F4xx_HAL_Driver/Src/stm32f4xx_hal.o
 .debug_line    0x000000000000415c     0x1254 ./Drivers/STM32F4xx_HAL_Driver/Src/stm32f4xx_hal_adc.o
 .debug_line    0x00000000000053b0      0xc87 ./Drivers/STM32F4xx_HAL_Driver/Src/stm32f4xx_hal_cortex.o
 .debug_line    0x0000000000006037      0xf3c ./Drivers/STM32F4xx_HAL_Driver/Src/stm32f4xx_hal_dma.o
 .debug_line    0x0000000000006f73      0xb38 ./Drivers/STM32F4xx_HAL_Driver/Src/stm32f4xx_hal_gpio.o
 .debug_line    0x0000000000007aab      0x907 ./Drivers/STM32F4xx_HAL_Driver/Src/stm32f4xx_hal_pwr_ex.o
 .debug_line    0x00000000000083b2      0xd60 ./Drivers/STM32F4xx_HAL_Driver/Src/stm32f4xx_hal_rcc.o
 .debug_line    0x0000000000009112     0x13eb ./Drivers/STM32F4xx_HAL_Driver/Src/stm32f4xx_hal_rcc_ex.o
 .debug_line    0x000000000000a4fd     0x1c62 ./Drivers/STM32F4xx_HAL_Driver/Src/stm32f4xx_hal_spi.o
 .debug_line    0x000000000000c15f     0x2a7d ./Drivers/STM32F4xx_HAL_Driver/Src/stm32f4xx_hal_uart.o
 .debug_line    0x000000000000ebdc      0x8dd ./FATFS/App/fatfs.o
 .debug_line    0x000000000000f4b9      0x933 ./FATFS/Target/user_diskio.o
 .debug_line    0x000000000000fdec      0x94c ./Middlewares/Third_Party/FatFs/src/diskio.o
 .debug_line    0x0000000000010738     0x3cf3 ./Middlewares/Third_Party/FatFs/src/ff.o
 .debug_line    0x000000000001442b      0x96a ./Middlewares/Third_Party/FatFs/src/ff_gen_drv.o
 .debug_line    0x0000000000014d95      0x9aa ./Middlewares/Third_Party/FatFs/src/option/ccsbcs.o

.debug_str      0x0000000000000000    0xd8e0b
 .debug_str     0x0000000000000000    0xd0046 ./Core/Src/fatfs_sd.o
                                      0xd036b (size before relaxing)